// Jest Snapshot v1, https://goo.gl/fbAQLP

exports[`snapshots 1`] = `
<div
  className="ExportList"
>
  <div>
    Have all students been placed for next year’s 
    1st grade
    ?
  </div>
  <div
    style={{}}
  >
    <span
      className="SuccessLabel"
      style={
        {
          "backgroundColor": "rgb(209, 231, 210)",
          "border": "1px solid rgb(149, 198, 150)",
          "borderRadius": 3,
          "color": "green",
          "display": "inline-block",
          "fontWeight": "bold",
          "marginBottom": 10,
          "marginTop": 10,
          "padding": 8,
        }
      }
    >
      All students have been placed.
    </span>
  </div>
  <div>
    Have you reviewed the team’s plan and notes before making changes?
  </div>
  <div
    style={{}}
  >
    <span
      className="SuccessLabel"
      style={
        {
          "backgroundColor": "rgb(209, 231, 210)",
          "border": "1px solid rgb(149, 198, 150)",
          "borderRadius": 3,
          "color": "green",
          "display": "inline-block",
          "fontWeight": "bold",
          "marginBottom": 10,
          "marginTop": 10,
          "padding": 8,
        }
      }
    >
      No students were moved.
    </span>
  </div>
  <div>
    Who will teach next year’s $
    1st grade
    ?
  </div>
  <div>
    <table
      style={
        {
          "borderCollapse": "collapse",
          "marginTop": 5,
        }
      }
    >
      <tbody>
        <tr>
          <td
            style={
              {
                "padding": "2px 8px",
              }
            }
          >
            Room A
          </td>
          <td
            style={
              {
                "padding": "2px 8px",
              }
            }
          >
            <div
              className="Select has-value is-disabled is-searchable Select--single"
            >
              <div
                className="Select-control"
                onKeyDown={[Function]}
                onMouseDown={[Function]}
                onTouchEnd={[Function]}
                onTouchMove={[Function]}
                onTouchStart={[Function]}
                style={
                  {
                    "width": "20em",
                  }
                }
              >
                <div
                  className="Select-multi-value-wrapper"
                  id="react-select-5--value"
                >
                  <div
                    className="Select-value"
                  >
                    <span
                      aria-selected="true"
                      className="Select-value-label"
                      id="react-select-5--value-item"
                      role="option"
                    >
                      Kevin
                    </span>
                  </div>
                  <div
                    aria-activedescendant="react-select-5--value"
                    aria-disabled="true"
                    aria-expanded={false}
                    aria-owns=""
                    className="Select-input"
                    onBlur={[Function]}
                    onFocus={[Function]}
                    role="combobox"
                    style={
                      {
                        "border": 0,
                        "display": "inline-block",
                        "width": 1,
                      }
                    }
                    tabIndex={0}
                  />
                </div>
                <span
                  className="Select-arrow-zone"
                  onMouseDown={[Function]}
                >
                  <span
                    className="Select-arrow"
                    onMouseDown={[Function]}
                  />
                </span>
              </div>
            </div>
          </td>
        </tr>
        <tr>
          <td
            style={
              {
                "padding": "2px 8px",
              }
            }
          >
            Room B
          </td>
          <td
            style={
              {
                "padding": "2px 8px",
              }
            }
          >
            <div
              className="Select has-value is-disabled is-searchable Select--single"
            >
              <div
                className="Select-control"
                onKeyDown={[Function]}
                onMouseDown={[Function]}
                onTouchEnd={[Function]}
                onTouchMove={[Function]}
                onTouchStart={[Function]}
                style={
                  {
                    "width": "20em",
                  }
                }
              >
                <div
                  className="Select-multi-value-wrapper"
                  id="react-select-6--value"
                >
                  <div
                    className="Select-value"
                  >
                    <span
                      aria-selected="true"
                      className="Select-value-label"
                      id="react-select-6--value-item"
                      role="option"
                    >
                      Alex
                    </span>
                  </div>
                  <div
                    aria-activedescendant="react-select-6--value"
                    aria-disabled="true"
                    aria-expanded={false}
                    aria-owns=""
                    className="Select-input"
                    onBlur={[Function]}
                    onFocus={[Function]}
                    role="combobox"
                    style={
                      {
                        "border": 0,
                        "display": "inline-block",
                        "width": 1,
                      }
                    }
                    tabIndex={0}
                  />
                </div>
                <span
                  className="Select-arrow-zone"
                  onMouseDown={[Function]}
                >
                  <span
                    className="Select-arrow"
                    onMouseDown={[Function]}
                  />
                </span>
              </div>
            </div>
          </td>
        </tr>
        <tr>
          <td
            style={
              {
                "padding": "2px 8px",
              }
            }
          >
            Room C
          </td>
          <td
            style={
              {
                "padding": "2px 8px",
              }
            }
          >
            <div
              className="Select has-value is-disabled is-searchable Select--single"
            >
              <div
                className="Select-control"
                onKeyDown={[Function]}
                onMouseDown={[Function]}
                onTouchEnd={[Function]}
                onTouchMove={[Function]}
                onTouchStart={[Function]}
                style={
                  {
                    "width": "20em",
                  }
                }
              >
                <div
                  className="Select-multi-value-wrapper"
                  id="react-select-7--value"
                >
                  <div
                    className="Select-value"
                  >
                    <span
                      aria-selected="true"
                      className="Select-value-label"
                      id="react-select-7--value-item"
                      role="option"
                    >
                      Uri
                    </span>
                  </div>
                  <div
                    aria-activedescendant="react-select-7--value"
                    aria-disabled="true"
                    aria-expanded={false}
                    aria-owns=""
                    className="Select-input"
                    onBlur={[Function]}
                    onFocus={[Function]}
                    role="combobox"
                    style={
                      {
                        "border": 0,
                        "display": "inline-block",
                        "width": 1,
                      }
                    }
                    tabIndex={0}
                  />
                </div>
                <span
                  className="Select-arrow-zone"
                  onMouseDown={[Function]}
                >
                  <span
                    className="Select-arrow"
                    onMouseDown={[Function]}
                  />
                </span>
              </div>
            </div>
          </td>
        </tr>
      </tbody>
    </table>
  </div>
  <div>
    <div>
      <a
        className="DownloadCsvLink btn"
        download="Class list: 1st grade at Awesome school 2018-03-13.csv"
        href="data:attachment/csv,%22Student%20name%22%2C%22LASID%22%2C%22Grade%20level%20next%20year%22%2C%22Room%20next%20year%22%0A%22Disney%2C%20Donald%22%2C%22000752%22%2C%221%22%2C%22Alex%22%0A%22Kenobi%2C%20Minnie%22%2C%22000276%22%2C%221%22%2C%22Uri%22%0A%22Pan%2C%20Chip%22%2C%22000134%22%2C%221%22%2C%22Uri%22%0A%22Skywalker%2C%20Garfield%22%2C%22111111111%22%2C%221%22%2C%22Kevin%22%0A%22Skywalker%2C%20Mowgli%22%2C%22000234%22%2C%221%22%2C%22Alex%22%0A%22Skywalker%2C%20Snow%22%2C%22000525%22%2C%221%22%2C%22Kevin%22%0A%22White%2C%20Mowgli%22%2C%22000472%22%2C%221%22%2C%22Kevin%22"
        onClick={[Function]}
        style={
          {
            "color": "white",
            "display": "inline-block",
            "marginTop": 20,
            "textDecoration": "none",
          }
        }
        target="_self"
      >
        Download class lists spreadsheet
      </a>
    </div>
  </div>
</div>
`;
