// Jest Snapshot v1, https://goo.gl/fbAQLP

exports[`snapshots 1`] = `
<div>
  <div>
    <div
      onClick={[Function]}
      style={
        {
          "alignItems": "center",
          "backgroundColor": "white",
          "border": "1px solid #eee",
          "borderRadius": 3,
          "cursor": "default",
          "display": "flex",
          "fontSize": 14,
          "padding": 5,
        }
      }
    >
      <div
        style={
          {
            "display": "flex",
            "flex": 1,
            "flexDirection": "row",
            "justifyContent": "flex-start",
          }
        }
      >
        <div
          className="StudentPhotoCropped"
          style={
            {
              "backgroundColor": "#ddd",
              "backgroundImage": "url(/classlists/foo-workspace-id/students/1/photo)",
              "backgroundPosition": "center top",
              "backgroundPositionY": -10,
              "backgroundRepeat": "no-repeat",
              "backgroundSize": "150%",
              "border": "1px solid #ddd",
              "borderRadius": 3,
              "height": 32,
              "marginRight": 10,
              "overflow": "hidden",
              "width": 32,
            }
          }
        />
        <div
          style={
            {
              "alignContent": "center",
              "display": "flex",
              "flex": 1,
              "flexDirection": "column",
              "justifyContent": "center",
            }
          }
        >
          Skywalker
          , 
          Garfield
        </div>
      </div>
      <svg
        className="MoreDots"
        fill="#ccc"
        height="18"
        viewBox="0 0 24 24"
        width="18"
        xmlns="http://www.w3.org/2000/svg"
      >
        <path
          d="M0 0h24v24H0z"
          fill="none"
        />
        <path
          d="M6 10c-1.1 0-2 .9-2 2s.9 2 2 2 2-.9 2-2-.9-2-2-2zm12 0c-1.1 0-2 .9-2 2s.9 2 2 2 2-.9 2-2-.9-2-2-2zm-6 0c-1.1 0-2 .9-2 2s.9 2 2 2 2-.9 2-2-.9-2-2-2z"
        />
      </svg>
    </div>
  </div>
</div>
`;
