// Jest Snapshot v1, https://goo.gl/fbAQLP

exports[`snapshots 1`] = `
<div
  className="CreateGroups"
  style={
    {
      "position": "relative",
    }
  }
>
  <div
    className="SectionHeading"
    style={
      {
        "borderBottom": "1px solid #333",
        "padding": 10,
      }
    }
  >
    <h4
      style={
        {
          "color": "black",
          "display": "inline",
        }
      }
    >
      Reading Groups: 3rd grade at Arthur D. Healey
    </h4>
  </div>
  <div>
    <div
      style={
        {
          "display": "flex",
          "flex": 1,
          "flexDirection": "row",
          "margin": 5,
          "marginBottom": 10,
        }
      }
    >
      <div
        style={
          {
            "background": "#f8f8f8",
            "border": "1px solid #eee",
            "color": "black",
            "display": "flex",
            "fontSize": 12,
            "height": 100,
            "marginRight": 5,
          }
        }
      >
        <div
          style={
            {
              "alignItems": "center",
              "background": "#31AB39",
              "color": "white",
              "display": "flex",
              "justifyContent": "center",
              "overflow": "hidden",
              "width": "3em",
            }
          }
        >
          <div
            style={
              {
                "transform": "rotate(-90deg)",
                "whiteSpace": "nowrap",
              }
            }
          >
            Not placed
          </div>
        </div>
        <div
          style={
            {
              "borderRight": "1px solid #ddd",
              "marginRight": 5,
              "padding": 5,
              "paddingLeft": 10,
              "paddingRight": 10,
            }
          }
        >
          <div
            style={
              {
                "alignItems": "center",
                "display": "flex",
                "flexDirection": "row",
                "height": 22,
              }
            }
          >
            <div
              style={
                {
                  "width": 80,
                }
              }
            >
              F&P: 
              A to F
            </div>
            <div
              style={
                {
                  "height": 22,
                  "width": 80,
                }
              }
            >
              <div
                style={
                  {
                    "display": "flex",
                    "flex": 1,
                    "flexDirection": "row",
                    "height": "100%",
                    "position": "relative",
                  }
                }
              >
                <div
                  style={
                    {
                      "background": "rgba(255,140,0,0.6)",
                      "height": 2,
                      "left": 0,
                      "position": "absolute",
                      "right": 0,
                      "top": 11,
                    }
                  }
                />
                <div
                  style={
                    {
                      "background": "rgba(0,128,0,0.5)",
                      "height": 2,
                      "left": "48%",
                      "position": "absolute",
                      "right": 0,
                      "top": 11,
                    }
                  }
                />
                <div
                  style={
                    {
                      "background": "rgba(255,0,0,0.5)",
                      "height": 2,
                      "left": 0,
                      "position": "absolute",
                      "right": "64%",
                      "top": 11,
                    }
                  }
                />
                <div>
                  <div
                    style={
                      {
                        "background": "rgba(255,0,0,0.5)",
                        "height": 11,
                        "left": "0%",
                        "position": "absolute",
                        "top": 6,
                        "width": 2,
                      }
                    }
                  />
                </div>
                <div>
                  <div
                    style={
                      {
                        "background": "rgba(255,0,0,0.5)",
                        "height": 11,
                        "left": "8%",
                        "position": "absolute",
                        "top": 6,
                        "width": 2,
                      }
                    }
                  />
                </div>
                <div>
                  <div
                    style={
                      {
                        "background": "rgba(255,0,0,0.5)",
                        "height": 11,
                        "left": "12%",
                        "position": "absolute",
                        "top": 6,
                        "width": 2,
                      }
                    }
                  />
                </div>
                <div>
                  <div
                    style={
                      {
                        "background": "rgba(255,0,0,0.5)",
                        "height": 11,
                        "left": "20%",
                        "position": "absolute",
                        "top": 6,
                        "width": 2,
                      }
                    }
                  />
                </div>
              </div>
            </div>
          </div>
          <div
            style={
              {
                "alignItems": "center",
                "display": "flex",
                "flexDirection": "row",
                "height": 22,
                "paddingTop": 10,
              }
            }
          >
            <div
              style={
                {
                  "width": 80,
                }
              }
            >
              ORF accuracy
            </div>
            <div>
              <div
                className="BreakdownBar"
                style={
                  {
                    "height": 5,
                    "width": 80,
                  }
                }
              >
                <div
                  style={
                    {
                      "height": 5,
                      "position": "relative",
                      "width": "100%",
                    }
                  }
                >
                  <div>
                    <div
                      style={
                        {
                          "background": "rgba(255,0,0,0.5)",
                          "height": 5,
                          "left": "0%",
                          "position": "absolute",
                          "width": "80%",
                        }
                      }
                    >
                       
                    </div>
                    <div
                      style={
                        {
                          "color": "rgba(255,0,0,0.5)",
                          "left": "0%",
                          "paddingRight": 1,
                          "position": "absolute",
                          "textAlign": "right",
                          "top": 6,
                          "width": "80%",
                        }
                      }
                    >
                      4
                    </div>
                  </div>
                  <div>
                    <div
                      style={
                        {
                          "background": "rgba(255,140,0,0.6)",
                          "height": 5,
                          "left": "80%",
                          "position": "absolute",
                          "width": "20%",
                        }
                      }
                    >
                       
                    </div>
                    <div
                      style={
                        {
                          "color": "rgba(255,140,0,0.6)",
                          "left": "80%",
                          "paddingRight": 1,
                          "position": "absolute",
                          "textAlign": "right",
                          "top": 6,
                          "width": "20%",
                        }
                      }
                    >
                      1
                    </div>
                  </div>
                </div>
              </div>
            </div>
          </div>
          <div
            style={
              {
                "alignItems": "center",
                "display": "flex",
                "flexDirection": "row",
                "height": 22,
                "paddingTop": 20,
              }
            }
          >
            <div
              style={
                {
                  "width": 80,
                }
              }
            >
              ORF fluency
            </div>
            <div>
              <div
                className="BreakdownBar"
                style={
                  {
                    "height": 5,
                    "width": 80,
                  }
                }
              >
                <div
                  style={
                    {
                      "height": 5,
                      "position": "relative",
                      "width": "100%",
                    }
                  }
                >
                  <div>
                    <div
                      style={
                        {
                          "background": "rgba(255,0,0,0.5)",
                          "height": 5,
                          "left": "0%",
                          "position": "absolute",
                          "width": "50%",
                        }
                      }
                    >
                       
                    </div>
                    <div
                      style={
                        {
                          "color": "rgba(255,0,0,0.5)",
                          "left": "0%",
                          "paddingRight": 1,
                          "position": "absolute",
                          "textAlign": "right",
                          "top": 6,
                          "width": "50%",
                        }
                      }
                    >
                      2
                    </div>
                  </div>
                  <div>
                    <div
                      style={
                        {
                          "background": "rgba(255,140,0,0.6)",
                          "height": 5,
                          "left": "50%",
                          "position": "absolute",
                          "width": "25%",
                        }
                      }
                    >
                       
                    </div>
                    <div
                      style={
                        {
                          "color": "rgba(255,140,0,0.6)",
                          "left": "50%",
                          "paddingRight": 1,
                          "position": "absolute",
                          "textAlign": "right",
                          "top": 6,
                          "width": "25%",
                        }
                      }
                    >
                      1
                    </div>
                  </div>
                  <div>
                    <div
                      style={
                        {
                          "background": "rgba(0,128,0,0.5)",
                          "height": 5,
                          "left": "75%",
                          "position": "absolute",
                          "width": "25%",
                        }
                      }
                    >
                       
                    </div>
                    <div
                      style={
                        {
                          "color": "rgba(0,128,0,0.5)",
                          "left": "75%",
                          "paddingRight": 1,
                          "position": "absolute",
                          "textAlign": "right",
                          "top": 6,
                          "width": "25%",
                        }
                      }
                    >
                      1
                    </div>
                  </div>
                </div>
              </div>
            </div>
          </div>
        </div>
        <div
          style={
            {
              "overflowY": "scroll",
              "padding": 5,
              "width": "12em",
            }
          }
        >
          <div>
            <div
              style={
                {
                  "paddingRight": 5,
                }
              }
            >
              “multisyllabic decoding”
            </div>
            <div
              style={
                {
                  "paddingRight": 5,
                }
              }
            >
              “sustained attention”
            </div>
          </div>
        </div>
      </div>
      <div
        data-react-beautiful-dnd-droppable="1"
        style={
          {
            "backgroundColor": "#f8f8f8",
            "display": "flex",
            "flex": 1,
            "overflowX": "scroll",
          }
        }
      >
        <div
          data-react-beautiful-dnd-draggable="1"
          onTransitionEnd={null}
          style={
            {
              "transform": null,
              "transition": null,
            }
          }
        >
          <div
            onClick={[Function]}
            style={
              {
                "fontSize": 32,
                "height": "100%",
                "marginRight": 5,
                "overflow": "hidden",
                "position": "relative",
                "width": 60,
              }
            }
          >
            <img
              alt="😃"
              className="StudentPhoto"
              onError={[Function]}
              src="/students/66/photo"
              style={
                {
                  "boxShadow": "2px 2px 1px #ccc",
                  "left": -15,
                  "position": "absolute",
                  "top": -5,
                  "width": 90,
                }
              }
            />
            <div
              style={
                {
                  "bottom": 0,
                  "color": "#f8f8f8",
                  "fontSize": 10,
                  "left": 2,
                  "position": "absolute",
                  "textShadow": "-1px 0 #333, 0 1px #333, 1px 0 #333, 0 -1px #333",
                }
              }
            >
              Mowgli
            </div>
          </div>
        </div>
        <div
          data-react-beautiful-dnd-draggable="1"
          onTransitionEnd={null}
          style={
            {
              "transform": null,
              "transition": null,
            }
          }
        >
          <div
            onClick={[Function]}
            style={
              {
                "fontSize": 32,
                "height": "100%",
                "marginRight": 5,
                "overflow": "hidden",
                "position": "relative",
                "width": 60,
              }
            }
          >
            <img
              alt="😃"
              className="StudentPhoto"
              onError={[Function]}
              src="/students/64/photo"
              style={
                {
                  "boxShadow": "2px 2px 1px #ccc",
                  "left": -15,
                  "position": "absolute",
                  "top": -5,
                  "width": 90,
                }
              }
            />
            <div
              style={
                {
                  "bottom": 0,
                  "color": "#f8f8f8",
                  "fontSize": 10,
                  "left": 2,
                  "position": "absolute",
                  "textShadow": "-1px 0 #333, 0 1px #333, 1px 0 #333, 0 -1px #333",
                }
              }
            >
              Mowgli
            </div>
          </div>
        </div>
        <div
          data-react-beautiful-dnd-draggable="1"
          onTransitionEnd={null}
          style={
            {
              "transform": null,
              "transition": null,
            }
          }
        >
          <div
            onClick={[Function]}
            style={
              {
                "fontSize": 32,
                "height": "100%",
                "marginRight": 5,
                "overflow": "hidden",
                "position": "relative",
                "width": 60,
              }
            }
          >
            <img
              alt="😃"
              className="StudentPhoto"
              onError={[Function]}
              src="/students/67/photo"
              style={
                {
                  "boxShadow": "2px 2px 1px #ccc",
                  "left": -15,
                  "position": "absolute",
                  "top": -5,
                  "width": 90,
                }
              }
            />
            <div
              style={
                {
                  "bottom": 0,
                  "color": "#f8f8f8",
                  "fontSize": 10,
                  "left": 2,
                  "position": "absolute",
                  "textShadow": "-1px 0 #333, 0 1px #333, 1px 0 #333, 0 -1px #333",
                }
              }
            >
              Pluto
            </div>
          </div>
        </div>
        <div
          data-react-beautiful-dnd-draggable="1"
          onTransitionEnd={null}
          style={
            {
              "transform": null,
              "transition": null,
            }
          }
        >
          <div
            onClick={[Function]}
            style={
              {
                "fontSize": 32,
                "height": "100%",
                "marginRight": 5,
                "overflow": "hidden",
                "position": "relative",
                "width": 60,
              }
            }
          >
            <img
              alt="😃"
              className="StudentPhoto"
              onError={[Function]}
              src="/students/60/photo"
              style={
                {
                  "boxShadow": "2px 2px 1px #ccc",
                  "left": -15,
                  "position": "absolute",
                  "top": -5,
                  "width": 90,
                }
              }
            />
            <div
              style={
                {
                  "bottom": 0,
                  "color": "#f8f8f8",
                  "fontSize": 10,
                  "left": 2,
                  "position": "absolute",
                  "textShadow": "-1px 0 #333, 0 1px #333, 1px 0 #333, 0 -1px #333",
                }
              }
            >
              Olaf
            </div>
          </div>
        </div>
        <div
          data-react-beautiful-dnd-draggable="1"
          onTransitionEnd={null}
          style={
            {
              "transform": null,
              "transition": null,
            }
          }
        >
          <div
            onClick={[Function]}
            style={
              {
                "fontSize": 32,
                "height": "100%",
                "marginRight": 5,
                "overflow": "hidden",
                "position": "relative",
                "width": 60,
              }
            }
          >
            <img
              alt="😃"
              className="StudentPhoto"
              onError={[Function]}
              src="/students/61/photo"
              style={
                {
                  "boxShadow": "2px 2px 1px #ccc",
                  "left": -15,
                  "position": "absolute",
                  "top": -5,
                  "width": 90,
                }
              }
            />
            <div
              style={
                {
                  "bottom": 0,
                  "color": "#f8f8f8",
                  "fontSize": 10,
                  "left": 2,
                  "position": "absolute",
                  "textShadow": "-1px 0 #333, 0 1px #333, 1px 0 #333, 0 -1px #333",
                }
              }
            >
              Daisy
            </div>
          </div>
        </div>
        <div
          data-react-beautiful-dnd-draggable="1"
          onTransitionEnd={null}
          style={
            {
              "transform": null,
              "transition": null,
            }
          }
        >
          <div
            onClick={[Function]}
            style={
              {
                "fontSize": 32,
                "height": "100%",
                "marginRight": 5,
                "overflow": "hidden",
                "position": "relative",
                "width": 60,
              }
            }
          >
            <img
              alt="😃"
              className="StudentPhoto"
              onError={[Function]}
              src="/students/63/photo"
              style={
                {
                  "boxShadow": "2px 2px 1px #ccc",
                  "left": -15,
                  "position": "absolute",
                  "top": -5,
                  "width": 90,
                }
              }
            />
            <div
              style={
                {
                  "bottom": 0,
                  "color": "#f8f8f8",
                  "fontSize": 10,
                  "left": 2,
                  "position": "absolute",
                  "textShadow": "-1px 0 #333, 0 1px #333, 1px 0 #333, 0 -1px #333",
                }
              }
            >
              Pluto
            </div>
          </div>
        </div>
      </div>
    </div>
    <div
      style={
        {
          "display": "flex",
          "flex": 1,
          "flexDirection": "row",
          "margin": 5,
          "marginBottom": 10,
        }
      }
    >
      <div
        style={
          {
            "background": "#f8f8f8",
            "border": "1px solid #eee",
            "color": "black",
            "display": "flex",
            "fontSize": 12,
            "height": 100,
            "marginRight": 5,
          }
        }
      >
        <div
          style={
            {
              "alignItems": "center",
              "background": "#EB4B26",
              "color": "white",
              "display": "flex",
              "justifyContent": "center",
              "overflow": "hidden",
              "width": "3em",
            }
          }
        >
          <div
            style={
              {
                "transform": "rotate(-90deg)",
                "whiteSpace": "nowrap",
              }
            }
          >
            Alonso
          </div>
        </div>
        <div
          style={
            {
              "borderRight": "1px solid #ddd",
              "marginRight": 5,
              "padding": 5,
              "paddingLeft": 10,
              "paddingRight": 10,
            }
          }
        >
          <div
            style={
              {
                "alignItems": "center",
                "display": "flex",
                "flexDirection": "row",
                "height": 22,
              }
            }
          >
            <div
              style={
                {
                  "width": 80,
                }
              }
            >
              F&P: 
            </div>
            <div
              style={
                {
                  "height": 22,
                  "width": 80,
                }
              }
            >
              <div
                style={
                  {
                    "display": "flex",
                    "flex": 1,
                    "flexDirection": "row",
                    "height": "100%",
                    "position": "relative",
                  }
                }
              >
                <div
                  style={
                    {
                      "background": "rgba(255,140,0,0.6)",
                      "height": 2,
                      "left": 0,
                      "position": "absolute",
                      "right": 0,
                      "top": 11,
                    }
                  }
                />
                <div
                  style={
                    {
                      "background": "rgba(0,128,0,0.5)",
                      "height": 2,
                      "left": "48%",
                      "position": "absolute",
                      "right": 0,
                      "top": 11,
                    }
                  }
                />
                <div
                  style={
                    {
                      "background": "rgba(255,0,0,0.5)",
                      "height": 2,
                      "left": 0,
                      "position": "absolute",
                      "right": "64%",
                      "top": 11,
                    }
                  }
                />
              </div>
            </div>
          </div>
          <div
            style={
              {
                "alignItems": "center",
                "display": "flex",
                "flexDirection": "row",
                "height": 22,
                "paddingTop": 10,
              }
            }
          >
            <div
              style={
                {
                  "width": 80,
                }
              }
            >
              ORF accuracy
            </div>
            <div>
              <div
                className="BreakdownBar"
                style={
                  {
                    "height": 5,
                    "width": 80,
                  }
                }
              >
                <div
                  style={
                    {
                      "height": 5,
                      "position": "relative",
                      "width": "100%",
                    }
                  }
                />
              </div>
            </div>
          </div>
          <div
            style={
              {
                "alignItems": "center",
                "display": "flex",
                "flexDirection": "row",
                "height": 22,
                "paddingTop": 20,
              }
            }
          >
            <div
              style={
                {
                  "width": 80,
                }
              }
            >
              ORF fluency
            </div>
            <div>
              <div
                className="BreakdownBar"
                style={
                  {
                    "height": 5,
                    "width": 80,
                  }
                }
              >
                <div
                  style={
                    {
                      "height": 5,
                      "position": "relative",
                      "width": "100%",
                    }
                  }
                />
              </div>
            </div>
          </div>
        </div>
        <div
          style={
            {
              "overflowY": "scroll",
              "padding": 5,
              "width": "12em",
            }
          }
        >
          <div />
        </div>
      </div>
      <div
        data-react-beautiful-dnd-droppable="1"
        style={
          {
            "backgroundColor": "#f8f8f8",
            "display": "flex",
            "flex": 1,
            "overflowX": "scroll",
          }
        }
      />
    </div>
    <div
      style={
        {
          "display": "flex",
          "flex": 1,
          "flexDirection": "row",
          "margin": 5,
          "marginBottom": 10,
        }
      }
    >
      <div
        style={
          {
            "background": "#f8f8f8",
            "border": "1px solid #eee",
            "color": "black",
            "display": "flex",
            "fontSize": 12,
            "height": 100,
            "marginRight": 5,
          }
        }
      >
        <div
          style={
            {
              "alignItems": "center",
              "background": "#139DEA",
              "color": "white",
              "display": "flex",
              "justifyContent": "center",
              "overflow": "hidden",
              "width": "3em",
            }
          }
        >
          <div
            style={
              {
                "transform": "rotate(-90deg)",
                "whiteSpace": "nowrap",
              }
            }
          >
            Vivian
          </div>
        </div>
        <div
          style={
            {
              "borderRight": "1px solid #ddd",
              "marginRight": 5,
              "padding": 5,
              "paddingLeft": 10,
              "paddingRight": 10,
            }
          }
        >
          <div
            style={
              {
                "alignItems": "center",
                "display": "flex",
                "flexDirection": "row",
                "height": 22,
              }
            }
          >
            <div
              style={
                {
                  "width": 80,
                }
              }
            >
              F&P: 
            </div>
            <div
              style={
                {
                  "height": 22,
                  "width": 80,
                }
              }
            >
              <div
                style={
                  {
                    "display": "flex",
                    "flex": 1,
                    "flexDirection": "row",
                    "height": "100%",
                    "position": "relative",
                  }
                }
              >
                <div
                  style={
                    {
                      "background": "rgba(255,140,0,0.6)",
                      "height": 2,
                      "left": 0,
                      "position": "absolute",
                      "right": 0,
                      "top": 11,
                    }
                  }
                />
                <div
                  style={
                    {
                      "background": "rgba(0,128,0,0.5)",
                      "height": 2,
                      "left": "48%",
                      "position": "absolute",
                      "right": 0,
                      "top": 11,
                    }
                  }
                />
                <div
                  style={
                    {
                      "background": "rgba(255,0,0,0.5)",
                      "height": 2,
                      "left": 0,
                      "position": "absolute",
                      "right": "64%",
                      "top": 11,
                    }
                  }
                />
              </div>
            </div>
          </div>
          <div
            style={
              {
                "alignItems": "center",
                "display": "flex",
                "flexDirection": "row",
                "height": 22,
                "paddingTop": 10,
              }
            }
          >
            <div
              style={
                {
                  "width": 80,
                }
              }
            >
              ORF accuracy
            </div>
            <div>
              <div
                className="BreakdownBar"
                style={
                  {
                    "height": 5,
                    "width": 80,
                  }
                }
              >
                <div
                  style={
                    {
                      "height": 5,
                      "position": "relative",
                      "width": "100%",
                    }
                  }
                />
              </div>
            </div>
          </div>
          <div
            style={
              {
                "alignItems": "center",
                "display": "flex",
                "flexDirection": "row",
                "height": 22,
                "paddingTop": 20,
              }
            }
          >
            <div
              style={
                {
                  "width": 80,
                }
              }
            >
              ORF fluency
            </div>
            <div>
              <div
                className="BreakdownBar"
                style={
                  {
                    "height": 5,
                    "width": 80,
                  }
                }
              >
                <div
                  style={
                    {
                      "height": 5,
                      "position": "relative",
                      "width": "100%",
                    }
                  }
                />
              </div>
            </div>
          </div>
        </div>
        <div
          style={
            {
              "overflowY": "scroll",
              "padding": 5,
              "width": "12em",
            }
          }
        >
          <div />
        </div>
      </div>
      <div
        data-react-beautiful-dnd-droppable="1"
        style={
          {
            "backgroundColor": "#f8f8f8",
            "display": "flex",
            "flex": 1,
            "overflowX": "scroll",
          }
        }
      />
    </div>
  </div>
</div>
`;
