// Jest Snapshot v1, https://goo.gl/fbAQLP

exports[`snapshots 1`] = `
<div
  onClick={[Function]}
>
  <svg
    height="24"
    style={
      {
        "cursor": "pointer",
        "fill": "#3177c9",
        "opacity": 0.5,
      }
    }
    viewBox="0 0 24 24"
    width="24"
    xmlns="http://www.w3.org/2000/svg"
  >
    <path
      d="M19 9h-4V3H9v6H5l7 7 7-7zM5 18v2h14v-2H5z"
    />
    <path
      d="M0 0h24v24H0z"
      fill="none"
    />
  </svg>
</div>
`;
