// Jest Snapshot v1, https://goo.gl/fbAQLP

exports[`snapshots 1`] = `
<div
  className="DisciplineScatterPlot"
  id="string"
  style={
    {
      "display": "flex",
      "flex": 1,
      "padding": 10,
      "width": "100%",
    }
  }
>
  <highcharts-wrapper
    chart={
      {
        "alignTicks": false,
        "events": {
          "selection": undefined,
        },
        "type": "scatter",
        "zoomType": "xy",
      }
    }
    credits={false}
    plotOptions={
      {
        "series": {
          "animation": false,
          "marker": {
            "fillColor": "rgba(124, 181, 236, 0.5)",
            "radius": 12,
          },
        },
      }
    }
    series={
      [
        {
          "data": [
            {
              "date": "03/02/2018",
              "type": "ABC",
              "x": 4,
              "y": 502,
            },
          ],
          "showInLegend": false,
        },
      ]
    }
    style={
      {
        "flex": 1,
      }
    }
    title={
      {
        "text": "Incidents by Day and Time [School Year]",
      }
    }
    tooltip={
      {
        "formatter": [Function],
      }
    }
    xAxis={
      {
        "categories": [
          "Mon",
          "Tue",
          "Wed",
          "Thu",
          "Fri",
          "Sat",
          "Sun",
        ],
        "gridLineWidth": 1,
        "max": 5,
        "min": 0,
        "opposite": true,
      }
    }
    yAxis={
      [
        {
          "labels": {
            "formatter": [Function],
          },
          "max": 960,
          "min": 420,
          "plotBands": [
            {
              "color": "rgba(241, 254, 198, 0.5)",
              "from": 900,
              "to": 960,
            },
          ],
          "reversed": true,
          "showLastLabel": false,
          "tickInterval": 60,
          "title": {
            "text": "Time of Incident",
          },
        },
        {
          "gridLineWidth": 0,
          "labels": {
            "formatter": [Function],
          },
          "linkedTo": 0,
          "max": 960,
          "min": 420,
          "opposite": true,
          "reversed": true,
          "tickPositions": [
            930,
          ],
          "title": {
            "text": undefined,
          },
        },
      ]
    }
  />
</div>
`;
