// Jest Snapshot v1, https://goo.gl/fbAQLP

exports[`snapshots view 1`] = `
<div
  className="InsightQuote InsightFromStudent "
  style={
    {
      "display": "flex",
      "flex": 1,
      "flexDirection": "column",
    }
  }
>
  <div
    style={
      {
        "display": "flex",
        "flex": 1,
        "margin": 20,
        "marginBottom": 0,
        "marginTop": 15,
      }
    }
  >
    <div
      style={
        {
          "display": "flex",
          "flex": 1,
          "flexDirection": "column",
          "overflow": "hidden",
        }
      }
    >
      <div
        style={
          {
            "display": "flex",
            "flex": 1,
            "flexDirection": "column",
          }
        }
      >
        <div
          style={
            {
              "fontSize": 12,
            }
          }
        >
          What are you most proud of?
        </div>
        <div
          style={
            {
              "display": "flex",
              "flex": 1,
              "flexDirection": "column",
              "marginTop": 5,
            }
          }
        >
          <mocked-fit-text
            fontSizeStep={4}
            maxFontSize={48}
            minFontSize={12}
            text="“Doing well in English and starting the recyling club.”"
          />
        </div>
      </div>
    </div>
  </div>
  <div
    style={
      {
        "alignItems": "flex-end",
        "display": "flex",
        "flexDirection": "row",
        "fontSize": 12,
        "justifyContent": "space-between",
        "margin": 20,
        "marginBottom": 15,
        "marginTop": 10,
      }
    }
  >
    <div>
      <div>
        <div>
          from 
          <a
            href="/students/42"
            rel="noopener noreferrer"
            style={
              {
                "fontSize": 12,
              }
            }
            target="_blank"
          >
            Mari
             
            Kenobi
          </a>
        </div>
        <div>
          <div>
            <span>
              in 
            </span>
            <div
              style={
                {
                  "display": "inline",
                  "margin": 0,
                  "marginLeft": 10,
                }
              }
            >
              <a
                href="#"
                onClick={[Function]}
                style={
                  {
                    "fontSize": 12,
                    "outline": "none",
                  }
                }
              >
                What I want my teachers to know
              </a>
            </div>
            <span>
               on 
              12/16/17
            </span>
          </div>
        </div>
      </div>
    </div>
  </div>
</div>
`;
