// Jest Snapshot v1, https://goo.gl/fbAQLP

exports[`snapshots view 1`] = `
<div
  className="InsightQuote InsightFromEducator"
  style={
    {
      "display": "flex",
      "flex": 1,
      "flexDirection": "column",
    }
  }
>
  <div
    style={
      {
        "display": "flex",
        "flex": 1,
        "margin": 20,
        "marginBottom": 0,
        "marginTop": 15,
      }
    }
  >
    <div
      style={
        {
          "display": "flex",
          "flex": 1,
          "flexDirection": "column",
          "overflow": "hidden",
        }
      }
    >
      <div
        style={
          {
            "display": "flex",
            "flex": 1,
            "flexDirection": "column",
          }
        }
      >
        <div
          style={
            {
              "fontSize": 12,
            }
          }
        >
          What worked well for connecting with Mari?
        </div>
        <div
          style={
            {
              "display": "flex",
              "flex": 1,
              "flexDirection": "column",
              "fontStyle": "italic",
              "marginTop": 5,
            }
          }
        >
          <mocked-fit-text
            fontSizeStep={4}
            maxFontSize={48}
            minFontSize={12}
            text="She was really into basketball, and I went to one game early in the year and then kept asking her about it.  She's a shooting guard."
          />
        </div>
      </div>
    </div>
  </div>
  <div
    style={
      {
        "alignItems": "flex-end",
        "display": "flex",
        "flexDirection": "row",
        "fontSize": 12,
        "justifyContent": "space-between",
        "margin": 20,
        "marginBottom": 15,
        "marginTop": 10,
      }
    }
  >
    <div>
      <div>
        <div>
          from 
          <a
            className="Educator"
            href="mailto:edgar@demo.studentinsights.org"
            style={
              {
                "fontSize": 12,
              }
            }
          >
            Edgar Teacher
          </a>
        </div>
        <div>
          <span>
            in 
            <b>
              Transition note
            </b>
          </span>
        </div>
      </div>
    </div>
  </div>
</div>
`;
