// Jest Snapshot v1, https://goo.gl/fbAQLP

exports[`snapshots 1`] = `
<div
  className="RestrictedNotePresence"
>
  <div>
    <div
      className="NoteText"
      style={
        {
          "border": 0,
          "color": "#999",
          "fontFamily": "'Open Sans', sans-serif",
          "fontSize": 14,
          "marginTop": 5,
          "outline": "1px solid transparent",
          "overflowX": "hidden",
          "padding": 0,
          "whiteSpace": "pre-wrap",
          "wordBreak": "break-word",
        }
      }
    >
      To respect Cassandra's privacy, Darnell or an administrator marked this note as restricted.
    </div>
  </div>
</div>
`;
