// Jest Snapshot v1, https://goo.gl/fbAQLP

exports[`CheckStudentsWithLowGradesBox handles when limit reached 1`] = `
<div
  className="CheckStudentsWithLowGradesBox"
>
  <div
    style={
      {
        "backgroundColor": "#eee",
        "borderBottom": "1px solid #ccc",
        "color": "black",
        "display": "flex",
        "justifyContent": "space-between",
        "padding": 10,
      }
    }
  >
    Students to check in on
    <div
      style={
        {
          "display": "inline",
          "marginLeft": 10,
        }
      }
    >
      <a
        href="#"
        onClick={[Function]}
        style={
          {
            "fontSize": 12,
            "outline": "none",
          }
        }
      >
        <span>
          what does this mean?
        </span>
      </a>
    </div>
  </div>
  <div
    className="Card "
    style={
      {
        "border": "none",
        "borderRadius": 3,
        "padding": 10,
      }
    }
  >
    <div>
      There 
      <span>
        are 
        <b>
          129
           students
        </b>
      </span>
       in your classes who have a D or an F right now but no one has mentioned for the last 45 days.
    </div>
    <div
      style={
        {
          "paddingBottom": 10,
          "paddingTop": 10,
        }
      }
    >
      <div
        style={
          {
            "overflow": "hidden",
            "paddingLeft": 10,
            "paddingRight": 10,
            "textOverflow": "ellipsis",
            "whiteSpace": "nowrap",
          }
        }
      >
        <span>
          <a
            href="/students/66"
            style={
              {
                "fontWeight": "bold",
              }
            }
          >
            Chip
             
            Duck
          </a>
        </span>
        <span>
          <span>
            <span
              style={
                {
                  "display": "inline-block",
                  "paddingLeft": 5,
                  "paddingRight": 5,
                }
              }
            >
              has a
               
              D
               in
            </span>
            <a
              className="Section"
              href="/sections/1"
              style={{}}
            >
              BIOLOGY 1 HONORS
               (
              SHS-BIO-TUES
              )
            </a>
          </span>
        </span>
      </div>
      <div
        style={
          {
            "overflow": "hidden",
            "paddingLeft": 10,
            "paddingRight": 10,
            "textOverflow": "ellipsis",
            "whiteSpace": "nowrap",
          }
        }
      >
        <span>
          <a
            href="/students/2"
            style={
              {
                "fontWeight": "bold",
              }
            }
          >
            Mari
             
            Kenobi
          </a>
        </span>
        <span>
          <span>
            <span
              style={
                {
                  "display": "inline-block",
                  "paddingLeft": 5,
                  "paddingRight": 5,
                }
              }
            >
              has a
               
              D
               in
            </span>
            <a
              className="Section"
              href="/sections/1"
              style={{}}
            >
              BIOLOGY 1 HONORS
               (
              SHS-BIO-TUES
              )
            </a>
          </span>
        </span>
      </div>
      <div
        style={
          {
            "overflow": "hidden",
            "paddingLeft": 10,
            "paddingRight": 10,
            "textOverflow": "ellipsis",
            "whiteSpace": "nowrap",
          }
        }
      >
        <span>
          <a
            href="/students/69"
            style={
              {
                "fontWeight": "bold",
              }
            }
          >
            Aladdin
             
            Poppins
          </a>
        </span>
        <span>
          <span>
            <span
              style={
                {
                  "display": "inline-block",
                  "paddingLeft": 5,
                  "paddingRight": 5,
                }
              }
            >
              has a
               
              D
               in
            </span>
            <a
              className="Section"
              href="/sections/1"
              style={{}}
            >
              BIOLOGY 1 HONORS
               (
              SHS-BIO-TUES
              )
            </a>
          </span>
        </span>
      </div>
    </div>
    <div>
      There are 
      129
       students total.  Start with checking in on these first 
      3
       students.
    </div>
  </div>
</div>
`;

exports[`CheckStudentsWithLowGradesBox pure component matches snapshot 1`] = `
<div
  className="CheckStudentsWithLowGradesBox"
>
  <div
    style={
      {
        "backgroundColor": "#eee",
        "borderBottom": "1px solid #ccc",
        "color": "black",
        "display": "flex",
        "justifyContent": "space-between",
        "padding": 10,
      }
    }
  >
    Students to check in on
    <div
      style={
        {
          "display": "inline",
          "marginLeft": 10,
        }
      }
    >
      <a
        href="#"
        onClick={[Function]}
        style={
          {
            "fontSize": 12,
            "outline": "none",
          }
        }
      >
        <span>
          what does this mean?
        </span>
      </a>
    </div>
  </div>
  <div
    className="Card "
    style={
      {
        "border": "none",
        "borderRadius": 3,
        "padding": 10,
      }
    }
  >
    <div>
      There 
      <span>
        are 
        <b>
          7
           students
        </b>
      </span>
       in your classes who have a D or an F right now but no one has mentioned for the last 45 days.
    </div>
    <div
      style={
        {
          "paddingBottom": 10,
          "paddingTop": 10,
        }
      }
    >
      <div
        style={
          {
            "overflow": "hidden",
            "paddingLeft": 10,
            "paddingRight": 10,
            "textOverflow": "ellipsis",
            "whiteSpace": "nowrap",
          }
        }
      >
        <span>
          <a
            href="/students/66"
            style={
              {
                "fontWeight": "bold",
              }
            }
          >
            Chip
             
            Duck
          </a>
        </span>
        <span>
          <span>
            <span
              style={
                {
                  "display": "inline-block",
                  "paddingLeft": 5,
                  "paddingRight": 5,
                }
              }
            >
              has a
               
              D
               in
            </span>
            <a
              className="Section"
              href="/sections/1"
              style={{}}
            >
              BIOLOGY 1 HONORS
               (
              SHS-BIO-TUES
              )
            </a>
          </span>
        </span>
      </div>
      <div
        style={
          {
            "overflow": "hidden",
            "paddingLeft": 10,
            "paddingRight": 10,
            "textOverflow": "ellipsis",
            "whiteSpace": "nowrap",
          }
        }
      >
        <span>
          <a
            href="/students/2"
            style={
              {
                "fontWeight": "bold",
              }
            }
          >
            Mari
             
            Kenobi
          </a>
        </span>
        <span>
          <span>
            <span
              style={
                {
                  "display": "inline-block",
                  "paddingLeft": 5,
                  "paddingRight": 5,
                }
              }
            >
              has a
               
              D
               in
            </span>
            <a
              className="Section"
              href="/sections/1"
              style={{}}
            >
              BIOLOGY 1 HONORS
               (
              SHS-BIO-TUES
              )
            </a>
          </span>
        </span>
      </div>
      <div
        style={
          {
            "overflow": "hidden",
            "paddingLeft": 10,
            "paddingRight": 10,
            "textOverflow": "ellipsis",
            "whiteSpace": "nowrap",
          }
        }
      >
        <span>
          <a
            href="/students/69"
            style={
              {
                "fontWeight": "bold",
              }
            }
          >
            Aladdin
             
            Poppins
          </a>
        </span>
        <span>
          <span>
            <span
              style={
                {
                  "display": "inline-block",
                  "paddingLeft": 5,
                  "paddingRight": 5,
                }
              }
            >
              has a
               
              D
               in
            </span>
            <a
              className="Section"
              href="/sections/1"
              style={{}}
            >
              BIOLOGY 1 HONORS
               (
              SHS-BIO-TUES
              )
            </a>
          </span>
        </span>
      </div>
      <div
        style={
          {
            "overflow": "hidden",
            "paddingLeft": 10,
            "paddingRight": 10,
            "textOverflow": "ellipsis",
            "whiteSpace": "nowrap",
          }
        }
      >
        <span>
          <a
            href="/students/67"
            style={
              {
                "fontWeight": "bold",
              }
            }
          >
            Aladdin
             
            Kenobi
          </a>
        </span>
        <span>
          <span>
            <span
              style={
                {
                  "display": "inline-block",
                  "paddingLeft": 5,
                  "paddingRight": 5,
                }
              }
            >
              has a
               
              D
               in
            </span>
            <a
              className="Section"
              href="/sections/1"
              style={{}}
            >
              BIOLOGY 1 HONORS
               (
              SHS-BIO-TUES
              )
            </a>
          </span>
        </span>
      </div>
    </div>
    <div>
      <a
        href="#"
        onClick={[Function]}
      >
        See more
      </a>
    </div>
  </div>
</div>
`;
