// Jest Snapshot v1, https://goo.gl/fbAQLP

exports[`snapshots if label is set 1`] = `
<div
  style={
    {
      "color": "red",
    }
  }
>
  <div
    style={
      {
        "color": "purple",
      }
    }
  >
    Reading benchmarks: 
    Winter 2018
  </div>
  <div
    className="Card "
    style={
      {
        "border": "none",
        "borderRadius": 3,
        "padding": 10,
      }
    }
  >
    <div>
      Add 
      <a
        href="/schools/hea/reading/3/entry"
        style={
          {
            "fontWeight": "bold",
          }
        }
      >
        benchmark reading data
      </a>
       for your students, and youâ€™ll have new tools for making reading groups and visualizing student growth over time.
    </div>
  </div>
</div>
`;
