// Jest Snapshot v1, https://goo.gl/fbAQLP

exports[`snapshots 1`] = `
<div
  className="BreakdownBar"
  style={
    {
      "height": 50,
    }
  }
>
  <div
    style={
      {
        "height": 50,
        "position": "relative",
        "width": "100%",
      }
    }
  >
    <div>
      <div
        style={
          {
            "background": "green",
            "height": 50,
            "left": "0%",
            "position": "absolute",
            "width": "59%",
          }
        }
      >
         
      </div>
      <div
        style={
          {
            "color": "green",
            "left": "0%",
            "paddingRight": 1,
            "position": "absolute",
            "textAlign": "right",
            "top": 55,
            "width": "59%",
          }
        }
      >
        7
      </div>
    </div>
    <div>
      <div
        style={
          {
            "background": "orange",
            "height": 50,
            "left": "59%",
            "position": "absolute",
            "width": "17%",
          }
        }
      >
         
      </div>
      <div
        style={
          {
            "color": "orange",
            "left": "59%",
            "paddingRight": 1,
            "position": "absolute",
            "textAlign": "right",
            "top": 55,
            "width": "17%",
          }
        }
      >
        2
      </div>
    </div>
    <div>
      <div
        style={
          {
            "background": "red",
            "height": 50,
            "left": "75%",
            "position": "absolute",
            "width": "25%",
          }
        }
      >
         
      </div>
      <div
        style={
          {
            "color": "red",
            "left": "75%",
            "paddingRight": 1,
            "position": "absolute",
            "textAlign": "right",
            "top": 55,
            "width": "25%",
          }
        }
      >
        3
      </div>
    </div>
  </div>
</div>
`;
