// Jest Snapshot v1, https://goo.gl/fbAQLP

exports[`snapshots 1`] = `
<div
  style={
    {
      "color": "black",
      "cursor": "default",
      "display": "inline-block",
      "height": "100%",
      "position": "relative",
      "width": "100%",
    }
  }
>
  <div
    style={
      {
        "width": "100%",
      }
    }
  >
    <div
      style={
        {
          "backgroundColor": "red",
          "height": "100%",
          "left": "0%",
          "position": "absolute",
          "width": "69%",
        }
      }
    />
    <div
      style={
        {
          "height": "100%",
          "left": "0%",
          "position": "absolute",
          "width": "69%",
        }
      }
    >
      18
    </div>
  </div>
  <div
    style={
      {
        "width": "100%",
      }
    }
  >
    <div
      style={
        {
          "backgroundColor": "orange",
          "height": "100%",
          "left": "69%",
          "position": "absolute",
          "width": "31%",
        }
      }
    />
    <div
      style={
        {
          "height": "100%",
          "left": "69%",
          "position": "absolute",
          "width": "31%",
        }
      }
    >
      8
    </div>
  </div>
</div>
`;
