// Jest Snapshot v1, https://goo.gl/fbAQLP

exports[`snapshots view 1`] = `
<span
  className="SuccessLabel"
  style={
    {
      "backgroundColor": "rgb(209, 231, 210)",
      "border": "1px solid rgb(149, 198, 150)",
      "borderRadius": 3,
      "color": "green",
      "fontWeight": "bold",
      "padding": 5,
    }
  }
>
  submitted
</span>
`;
