// Jest Snapshot v1, https://goo.gl/fbAQLP

exports[`snapshots view 1`] = `
<div>
  <span
    title="Competitive Cheerleading Varsity with Fatima Teacher"
  >
    Varsity Competitive Cheerleading
    <span
      style={
        {
          "cursor": "default",
          "paddingLeft": 5,
        }
      }
      title="Competitive Cheerleading Varsity with Fatima Teacher"
    >
      📣
    </span>
  </span>
  <span
    title="Cross Country - Boys Varsity with Fatima Teacher"
  >
    Varsity Cross Country
    <span
      style={
        {
          "cursor": "default",
          "paddingLeft": 5,
        }
      }
      title="Cross Country - Boys Varsity with Fatima Teacher"
    >
      👟
    </span>
  </span>
  <span
    title="Cross Country - Girls Varsity with Fatima Teacher"
  >
    Varsity Cross Country
    <span
      style={
        {
          "cursor": "default",
          "paddingLeft": 5,
        }
      }
      title="Cross Country - Girls Varsity with Fatima Teacher"
    >
      👟
    </span>
  </span>
  <span
    title="Football Varsity with Fatima Teacher"
  >
    Varsity Football
    <span
      style={
        {
          "cursor": "default",
          "paddingLeft": 5,
        }
      }
      title="Football Varsity with Fatima Teacher"
    >
      🏈
    </span>
  </span>
  <span
    title="Golf Varsity with Fatima Teacher"
  >
    Varsity Golf
    <span
      style={
        {
          "cursor": "default",
          "paddingLeft": 5,
        }
      }
      title="Golf Varsity with Fatima Teacher"
    >
      ⛳
    </span>
  </span>
  <span
    title="Soccer - Boys Freshman with Fatima Teacher"
  >
    Freshman Soccer
    <span
      style={
        {
          "cursor": "default",
          "paddingLeft": 5,
        }
      }
      title="Soccer - Boys Freshman with Fatima Teacher"
    >
      ⚽
    </span>
  </span>
  <span
    title="Soccer - Boys JV with Fatima Teacher"
  >
    JV Soccer
    <span
      style={
        {
          "cursor": "default",
          "paddingLeft": 5,
        }
      }
      title="Soccer - Boys JV with Fatima Teacher"
    >
      ⚽
    </span>
  </span>
  <span
    title="Soccer - Boys Varsity with Fatima Teacher"
  >
    Varsity Soccer
    <span
      style={
        {
          "cursor": "default",
          "paddingLeft": 5,
        }
      }
      title="Soccer - Boys Varsity with Fatima Teacher"
    >
      ⚽
    </span>
  </span>
  <span
    title="Soccer - Girls JV with Fatima Teacher"
  >
    JV Soccer
    <span
      style={
        {
          "cursor": "default",
          "paddingLeft": 5,
        }
      }
      title="Soccer - Girls JV with Fatima Teacher"
    >
      ⚽
    </span>
  </span>
  <span
    title="Soccer - Girls Varsity with Fatima Teacher"
  >
    Varsity Soccer
    <span
      style={
        {
          "cursor": "default",
          "paddingLeft": 5,
        }
      }
      title="Soccer - Girls Varsity with Fatima Teacher"
    >
      ⚽
    </span>
  </span>
  <span
    title="Volleyball - Girls Freshman with Fatima Teacher"
  >
    Freshman Volleyball
    <span
      style={
        {
          "cursor": "default",
          "paddingLeft": 5,
        }
      }
      title="Volleyball - Girls Freshman with Fatima Teacher"
    >
      🏐
    </span>
  </span>
  <span
    title="Volleyball - Girls JV with Fatima Teacher"
  >
    JV Volleyball
    <span
      style={
        {
          "cursor": "default",
          "paddingLeft": 5,
        }
      }
      title="Volleyball - Girls JV with Fatima Teacher"
    >
      🏐
    </span>
  </span>
  <span
    title="Volleyball - Girls Varsity with Fatima Teacher"
  >
    Varsity Volleyball
    <span
      style={
        {
          "cursor": "default",
          "paddingLeft": 5,
        }
      }
      title="Volleyball - Girls Varsity with Fatima Teacher"
    >
      🏐
    </span>
  </span>
</div>
`;
