// Jest Snapshot v1, https://goo.gl/fbAQLP

exports[`SampleStudentsPageView pure component matches snapshot 1`] = `
<div
  style={
    {
      "margin": 10,
    }
  }
>
  <div
    className="SectionHeading"
    style={
      {
        "borderBottom": "1px solid #333",
        "padding": 10,
      }
    }
  >
    <h4
      style={
        {
          "color": "black",
          "display": "inline",
        }
      }
    >
      Student sample for data quality checks
    </h4>
  </div>
  <div
    style={
      {
        "fontSize": 10,
        "margin": 15,
      }
    }
  >
    seed=
    42
     n=
    17
  </div>
  <table
    style={
      {
        "border": "1px solid #eee",
        "borderCollapse": "collapse",
        "margin": 10,
      }
    }
  >
    <thead>
      <tr>
        <th
          style={
            {
              "backgroundColor": "#ccc",
              "border": "1px solid #eee",
              "fontWeight": "bold",
              "padding": 10,
              "textAlign": "left",
              "verticalAlign": "top",
            }
          }
        >
          Name
        </th>
        <th
          style={
            {
              "backgroundColor": "#ccc",
              "border": "1px solid #eee",
              "fontWeight": "bold",
              "padding": 10,
              "textAlign": "left",
              "verticalAlign": "top",
            }
          }
        >
          Grade
        </th>
        <th
          style={
            {
              "backgroundColor": "#ccc",
              "border": "1px solid #eee",
              "fontWeight": "bold",
              "padding": 10,
              "textAlign": "left",
              "verticalAlign": "top",
            }
          }
        >
          School
        </th>
        <th
          style={
            {
              "backgroundColor": "#ccc",
              "border": "1px solid #eee",
              "fontWeight": "bold",
              "padding": 10,
              "textAlign": "left",
              "verticalAlign": "top",
            }
          }
        >
          profile
        </th>
      </tr>
    </thead>
    <tbody>
      <tr>
        <td
          style={
            {
              "border": "1px solid #eee",
              "padding": 10,
              "textAlign": "left",
              "verticalAlign": "top",
            }
          }
        >
          Mowgli
           
          Kenobi
        </td>
        <td
          style={
            {
              "border": "1px solid #eee",
              "padding": 10,
              "textAlign": "left",
              "verticalAlign": "top",
            }
          }
        >
          3
        </td>
        <td
          style={
            {
              "border": "1px solid #eee",
              "padding": 10,
              "textAlign": "left",
              "verticalAlign": "top",
            }
          }
        >
          Arthur D Healey
        </td>
        <td
          style={
            {
              "border": "1px solid #eee",
              "padding": 10,
              "textAlign": "left",
              "verticalAlign": "top",
            }
          }
        >
          <a
            href="/students/63"
            rel="noopener noreferrer"
            target="_blank"
          >
            /students/63
          </a>
        </td>
      </tr>
      <tr>
        <td
          style={
            {
              "border": "1px solid #eee",
              "padding": 10,
              "textAlign": "left",
              "verticalAlign": "top",
            }
          }
        >
          Pocahontas
           
          Kenobi
        </td>
        <td
          style={
            {
              "border": "1px solid #eee",
              "padding": 10,
              "textAlign": "left",
              "verticalAlign": "top",
            }
          }
        >
          3
        </td>
        <td
          style={
            {
              "border": "1px solid #eee",
              "padding": 10,
              "textAlign": "left",
              "verticalAlign": "top",
            }
          }
        >
          Arthur D Healey
        </td>
        <td
          style={
            {
              "border": "1px solid #eee",
              "padding": 10,
              "textAlign": "left",
              "verticalAlign": "top",
            }
          }
        >
          <a
            href="/students/65"
            rel="noopener noreferrer"
            target="_blank"
          >
            /students/65
          </a>
        </td>
      </tr>
      <tr>
        <td
          style={
            {
              "border": "1px solid #eee",
              "padding": 10,
              "textAlign": "left",
              "verticalAlign": "top",
            }
          }
        >
          Rapunzel
           
          Kenobi
        </td>
        <td
          style={
            {
              "border": "1px solid #eee",
              "padding": 10,
              "textAlign": "left",
              "verticalAlign": "top",
            }
          }
        >
          3
        </td>
        <td
          style={
            {
              "border": "1px solid #eee",
              "padding": 10,
              "textAlign": "left",
              "verticalAlign": "top",
            }
          }
        >
          Arthur D Healey
        </td>
        <td
          style={
            {
              "border": "1px solid #eee",
              "padding": 10,
              "textAlign": "left",
              "verticalAlign": "top",
            }
          }
        >
          <a
            href="/students/61"
            rel="noopener noreferrer"
            target="_blank"
          >
            /students/61
          </a>
        </td>
      </tr>
      <tr>
        <td
          style={
            {
              "border": "1px solid #eee",
              "padding": 10,
              "textAlign": "left",
              "verticalAlign": "top",
            }
          }
        >
          Rapunzel
           
          Kenobi
        </td>
        <td
          style={
            {
              "border": "1px solid #eee",
              "padding": 10,
              "textAlign": "left",
              "verticalAlign": "top",
            }
          }
        >
          5
        </td>
        <td
          style={
            {
              "border": "1px solid #eee",
              "padding": 10,
              "textAlign": "left",
              "verticalAlign": "top",
            }
          }
        >
          Arthur D Healey
        </td>
        <td
          style={
            {
              "border": "1px solid #eee",
              "padding": 10,
              "textAlign": "left",
              "verticalAlign": "top",
            }
          }
        >
          <a
            href="/students/18"
            rel="noopener noreferrer"
            target="_blank"
          >
            /students/18
          </a>
        </td>
      </tr>
      <tr>
        <td
          style={
            {
              "border": "1px solid #eee",
              "padding": 10,
              "textAlign": "left",
              "verticalAlign": "top",
            }
          }
        >
          Donald
           
          Pan
        </td>
        <td
          style={
            {
              "border": "1px solid #eee",
              "padding": 10,
              "textAlign": "left",
              "verticalAlign": "top",
            }
          }
        >
          5
        </td>
        <td
          style={
            {
              "border": "1px solid #eee",
              "padding": 10,
              "textAlign": "left",
              "verticalAlign": "top",
            }
          }
        >
          Arthur D Healey
        </td>
        <td
          style={
            {
              "border": "1px solid #eee",
              "padding": 10,
              "textAlign": "left",
              "verticalAlign": "top",
            }
          }
        >
          <a
            href="/students/20"
            rel="noopener noreferrer"
            target="_blank"
          >
            /students/20
          </a>
        </td>
      </tr>
      <tr>
        <td
          style={
            {
              "border": "1px solid #eee",
              "padding": 10,
              "textAlign": "left",
              "verticalAlign": "top",
            }
          }
        >
          Olaf
           
          Skywalker
        </td>
        <td
          style={
            {
              "border": "1px solid #eee",
              "padding": 10,
              "textAlign": "left",
              "verticalAlign": "top",
            }
          }
        >
          5
        </td>
        <td
          style={
            {
              "border": "1px solid #eee",
              "padding": 10,
              "textAlign": "left",
              "verticalAlign": "top",
            }
          }
        >
          Arthur D Healey
        </td>
        <td
          style={
            {
              "border": "1px solid #eee",
              "padding": 10,
              "textAlign": "left",
              "verticalAlign": "top",
            }
          }
        >
          <a
            href="/students/14"
            rel="noopener noreferrer"
            target="_blank"
          >
            /students/14
          </a>
        </td>
      </tr>
      <tr>
        <td
          style={
            {
              "border": "1px solid #eee",
              "padding": 10,
              "textAlign": "left",
              "verticalAlign": "top",
            }
          }
        >
          Chip
           
          White
        </td>
        <td
          style={
            {
              "border": "1px solid #eee",
              "padding": 10,
              "textAlign": "left",
              "verticalAlign": "top",
            }
          }
        >
          5
        </td>
        <td
          style={
            {
              "border": "1px solid #eee",
              "padding": 10,
              "textAlign": "left",
              "verticalAlign": "top",
            }
          }
        >
          Arthur D Healey
        </td>
        <td
          style={
            {
              "border": "1px solid #eee",
              "padding": 10,
              "textAlign": "left",
              "verticalAlign": "top",
            }
          }
        >
          <a
            href="/students/17"
            rel="noopener noreferrer"
            target="_blank"
          >
            /students/17
          </a>
        </td>
      </tr>
      <tr>
        <td
          style={
            {
              "border": "1px solid #eee",
              "padding": 10,
              "textAlign": "left",
              "verticalAlign": "top",
            }
          }
        >
          Rapunzel
           
          Kenobi
        </td>
        <td
          style={
            {
              "border": "1px solid #eee",
              "padding": 10,
              "textAlign": "left",
              "verticalAlign": "top",
            }
          }
        >
          5
        </td>
        <td
          style={
            {
              "border": "1px solid #eee",
              "padding": 10,
              "textAlign": "left",
              "verticalAlign": "top",
            }
          }
        >
          West Somerville Neighborhood
        </td>
        <td
          style={
            {
              "border": "1px solid #eee",
              "padding": 10,
              "textAlign": "left",
              "verticalAlign": "top",
            }
          }
        >
          <a
            href="/students/53"
            rel="noopener noreferrer"
            target="_blank"
          >
            /students/53
          </a>
        </td>
      </tr>
      <tr>
        <td
          style={
            {
              "border": "1px solid #eee",
              "padding": 10,
              "textAlign": "left",
              "verticalAlign": "top",
            }
          }
        >
          Mari
           
          Kenobi
        </td>
        <td
          style={
            {
              "border": "1px solid #eee",
              "padding": 10,
              "textAlign": "left",
              "verticalAlign": "top",
            }
          }
        >
          9
        </td>
        <td
          style={
            {
              "border": "1px solid #eee",
              "padding": 10,
              "textAlign": "left",
              "verticalAlign": "top",
            }
          }
        >
          Somerville High
        </td>
        <td
          style={
            {
              "border": "1px solid #eee",
              "padding": 10,
              "textAlign": "left",
              "verticalAlign": "top",
            }
          }
        >
          <a
            href="/students/3"
            rel="noopener noreferrer"
            target="_blank"
          >
            /students/3
          </a>
        </td>
      </tr>
      <tr>
        <td
          style={
            {
              "border": "1px solid #eee",
              "padding": 10,
              "textAlign": "left",
              "verticalAlign": "top",
            }
          }
        >
          Aladdin
           
          Skywalker
        </td>
        <td
          style={
            {
              "border": "1px solid #eee",
              "padding": 10,
              "textAlign": "left",
              "verticalAlign": "top",
            }
          }
        >
          9
        </td>
        <td
          style={
            {
              "border": "1px solid #eee",
              "padding": 10,
              "textAlign": "left",
              "verticalAlign": "top",
            }
          }
        >
          Somerville High
        </td>
        <td
          style={
            {
              "border": "1px solid #eee",
              "padding": 10,
              "textAlign": "left",
              "verticalAlign": "top",
            }
          }
        >
          <a
            href="/students/24"
            rel="noopener noreferrer"
            target="_blank"
          >
            /students/24
          </a>
        </td>
      </tr>
      <tr>
        <td
          style={
            {
              "border": "1px solid #eee",
              "padding": 10,
              "textAlign": "left",
              "verticalAlign": "top",
            }
          }
        >
          Pocahontas
           
          Skywalker
        </td>
        <td
          style={
            {
              "border": "1px solid #eee",
              "padding": 10,
              "textAlign": "left",
              "verticalAlign": "top",
            }
          }
        >
          9
        </td>
        <td
          style={
            {
              "border": "1px solid #eee",
              "padding": 10,
              "textAlign": "left",
              "verticalAlign": "top",
            }
          }
        >
          Somerville High
        </td>
        <td
          style={
            {
              "border": "1px solid #eee",
              "padding": 10,
              "textAlign": "left",
              "verticalAlign": "top",
            }
          }
        >
          <a
            href="/students/30"
            rel="noopener noreferrer"
            target="_blank"
          >
            /students/30
          </a>
        </td>
      </tr>
      <tr>
        <td
          style={
            {
              "border": "1px solid #eee",
              "padding": 10,
              "textAlign": "left",
              "verticalAlign": "top",
            }
          }
        >
          Amir
           
          Solo
        </td>
        <td
          style={
            {
              "border": "1px solid #eee",
              "padding": 10,
              "textAlign": "left",
              "verticalAlign": "top",
            }
          }
        >
          9
        </td>
        <td
          style={
            {
              "border": "1px solid #eee",
              "padding": 10,
              "textAlign": "left",
              "verticalAlign": "top",
            }
          }
        >
          Somerville High
        </td>
        <td
          style={
            {
              "border": "1px solid #eee",
              "padding": 10,
              "textAlign": "left",
              "verticalAlign": "top",
            }
          }
        >
          <a
            href="/students/4"
            rel="noopener noreferrer"
            target="_blank"
          >
            /students/4
          </a>
        </td>
      </tr>
      <tr>
        <td
          style={
            {
              "border": "1px solid #eee",
              "padding": 10,
              "textAlign": "left",
              "verticalAlign": "top",
            }
          }
        >
          Olaf
           
          Disney
        </td>
        <td
          style={
            {
              "border": "1px solid #eee",
              "padding": 10,
              "textAlign": "left",
              "verticalAlign": "top",
            }
          }
        >
          10
        </td>
        <td
          style={
            {
              "border": "1px solid #eee",
              "padding": 10,
              "textAlign": "left",
              "verticalAlign": "top",
            }
          }
        >
          Somerville High
        </td>
        <td
          style={
            {
              "border": "1px solid #eee",
              "padding": 10,
              "textAlign": "left",
              "verticalAlign": "top",
            }
          }
        >
          <a
            href="/students/77"
            rel="noopener noreferrer"
            target="_blank"
          >
            /students/77
          </a>
        </td>
      </tr>
      <tr>
        <td
          style={
            {
              "border": "1px solid #eee",
              "padding": 10,
              "textAlign": "left",
              "verticalAlign": "top",
            }
          }
        >
          Pluto
           
          Disney
        </td>
        <td
          style={
            {
              "border": "1px solid #eee",
              "padding": 10,
              "textAlign": "left",
              "verticalAlign": "top",
            }
          }
        >
          10
        </td>
        <td
          style={
            {
              "border": "1px solid #eee",
              "padding": 10,
              "textAlign": "left",
              "verticalAlign": "top",
            }
          }
        >
          Somerville High
        </td>
        <td
          style={
            {
              "border": "1px solid #eee",
              "padding": 10,
              "textAlign": "left",
              "verticalAlign": "top",
            }
          }
        >
          <a
            href="/students/80"
            rel="noopener noreferrer"
            target="_blank"
          >
            /students/80
          </a>
        </td>
      </tr>
      <tr>
        <td
          style={
            {
              "border": "1px solid #eee",
              "padding": 10,
              "textAlign": "left",
              "verticalAlign": "top",
            }
          }
        >
          Mowgli
           
          Kenobi
        </td>
        <td
          style={
            {
              "border": "1px solid #eee",
              "padding": 10,
              "textAlign": "left",
              "verticalAlign": "top",
            }
          }
        >
          10
        </td>
        <td
          style={
            {
              "border": "1px solid #eee",
              "padding": 10,
              "textAlign": "left",
              "verticalAlign": "top",
            }
          }
        >
          Somerville High
        </td>
        <td
          style={
            {
              "border": "1px solid #eee",
              "padding": 10,
              "textAlign": "left",
              "verticalAlign": "top",
            }
          }
        >
          <a
            href="/students/117"
            rel="noopener noreferrer"
            target="_blank"
          >
            /students/117
          </a>
        </td>
      </tr>
      <tr>
        <td
          style={
            {
              "border": "1px solid #eee",
              "padding": 10,
              "textAlign": "left",
              "verticalAlign": "top",
            }
          }
        >
          Minnie
           
          Mouse
        </td>
        <td
          style={
            {
              "border": "1px solid #eee",
              "padding": 10,
              "textAlign": "left",
              "verticalAlign": "top",
            }
          }
        >
          10
        </td>
        <td
          style={
            {
              "border": "1px solid #eee",
              "padding": 10,
              "textAlign": "left",
              "verticalAlign": "top",
            }
          }
        >
          Somerville High
        </td>
        <td
          style={
            {
              "border": "1px solid #eee",
              "padding": 10,
              "textAlign": "left",
              "verticalAlign": "top",
            }
          }
        >
          <a
            href="/students/111"
            rel="noopener noreferrer"
            target="_blank"
          >
            /students/111
          </a>
        </td>
      </tr>
      <tr>
        <td
          style={
            {
              "border": "1px solid #eee",
              "padding": 10,
              "textAlign": "left",
              "verticalAlign": "top",
            }
          }
        >
          Mickey
           
          Poppins
        </td>
        <td
          style={
            {
              "border": "1px solid #eee",
              "padding": 10,
              "textAlign": "left",
              "verticalAlign": "top",
            }
          }
        >
          10
        </td>
        <td
          style={
            {
              "border": "1px solid #eee",
              "padding": 10,
              "textAlign": "left",
              "verticalAlign": "top",
            }
          }
        >
          Somerville High
        </td>
        <td
          style={
            {
              "border": "1px solid #eee",
              "padding": 10,
              "textAlign": "left",
              "verticalAlign": "top",
            }
          }
        >
          <a
            href="/students/95"
            rel="noopener noreferrer"
            target="_blank"
          >
            /students/95
          </a>
        </td>
      </tr>
      <tr>
        <td
          style={
            {
              "border": "1px solid #eee",
              "padding": 10,
              "textAlign": "left",
              "verticalAlign": "top",
            }
          }
        >
          Rapunzel
           
          Skywalker
        </td>
        <td
          style={
            {
              "border": "1px solid #eee",
              "padding": 10,
              "textAlign": "left",
              "verticalAlign": "top",
            }
          }
        >
          10
        </td>
        <td
          style={
            {
              "border": "1px solid #eee",
              "padding": 10,
              "textAlign": "left",
              "verticalAlign": "top",
            }
          }
        >
          Somerville High
        </td>
        <td
          style={
            {
              "border": "1px solid #eee",
              "padding": 10,
              "textAlign": "left",
              "verticalAlign": "top",
            }
          }
        >
          <a
            href="/students/107"
            rel="noopener noreferrer"
            target="_blank"
          >
            /students/107
          </a>
        </td>
      </tr>
      <tr>
        <td
          style={
            {
              "border": "1px solid #eee",
              "padding": 10,
              "textAlign": "left",
              "verticalAlign": "top",
            }
          }
        >
          Rapunzel
           
          Skywalker
        </td>
        <td
          style={
            {
              "border": "1px solid #eee",
              "padding": 10,
              "textAlign": "left",
              "verticalAlign": "top",
            }
          }
        >
          10
        </td>
        <td
          style={
            {
              "border": "1px solid #eee",
              "padding": 10,
              "textAlign": "left",
              "verticalAlign": "top",
            }
          }
        >
          Somerville High
        </td>
        <td
          style={
            {
              "border": "1px solid #eee",
              "padding": 10,
              "textAlign": "left",
              "verticalAlign": "top",
            }
          }
        >
          <a
            href="/students/69"
            rel="noopener noreferrer"
            target="_blank"
          >
            /students/69
          </a>
        </td>
      </tr>
      <tr>
        <td
          style={
            {
              "border": "1px solid #eee",
              "padding": 10,
              "textAlign": "left",
              "verticalAlign": "top",
            }
          }
        >
          Winnie
           
          White
        </td>
        <td
          style={
            {
              "border": "1px solid #eee",
              "padding": 10,
              "textAlign": "left",
              "verticalAlign": "top",
            }
          }
        >
          10
        </td>
        <td
          style={
            {
              "border": "1px solid #eee",
              "padding": 10,
              "textAlign": "left",
              "verticalAlign": "top",
            }
          }
        >
          Somerville High
        </td>
        <td
          style={
            {
              "border": "1px solid #eee",
              "padding": 10,
              "textAlign": "left",
              "verticalAlign": "top",
            }
          }
        >
          <a
            href="/students/120"
            rel="noopener noreferrer"
            target="_blank"
          >
            /students/120
          </a>
        </td>
      </tr>
    </tbody>
  </table>
</div>
`;
