// Jest Snapshot v1, https://goo.gl/fbAQLP

exports[`snapshots view 1`] = `
<div
  className="ExpandedLayout"
  style={
    {
      "padding": 10,
    }
  }
>
  <div
    style={
      {
        "alignItems": "center",
        "display": "flex",
        "flexDirection": "row",
        "justifyContent": "space-between",
        "paddingBottom": 10,
      }
    }
  >
    <div
      style={
        {
          "fontSize": 16,
          "fontWeight": "bold",
        }
      }
    >
      First sound fluency
    </div>
    <div
      onClick={[MockFunction]}
      style={
        {
          "color": "#999",
          "cursor": "pointer",
        }
      }
    >
      Close
    </div>
  </div>
  <div
    style={
      {
        "alignItems": "flex-start",
        "display": "flex",
        "flexDirection": "row",
        "justifyContent": "space-between",
      }
    }
  >
    <div
      style={
        {
          "flex": 5,
          "marginRight": 20,
        }
      }
    >
      <div>
        <div>
          materials!
        </div>
      </div>
    </div>
    <div
      style={
        {
          "flex": 3,
          "marginRight": 20,
          "overflow": "hidden",
        }
      }
    >
      <div
        style={
          {
            "color": "#333",
            "marginBottom": 10,
          }
        }
      >
        Instructional strategies
      </div>
      <div>
        <div>
          strategies!
        </div>
      </div>
    </div>
    <div
      style={
        {
          "flex": 5,
          "marginRight": 20,
        }
      }
    >
      <div
        style={
          {
            "color": "#333",
            "marginBottom": 10,
          }
        }
      >
        Somerville benchmarks for 
        Leo
      </div>
      <div>
        <div>
          data!
        </div>
      </div>
    </div>
  </div>
</div>
`;
