// Jest Snapshot v1, https://goo.gl/fbAQLP

exports[`snapshots 1`] = `
<div>
  <div
    className="MaterialsCarousel"
    style={
      {
        "position": "relative",
      }
    }
  >
    <div
      className="MaterialImage"
      onClick={[Function]}
    >
      <img
        src="/img/reading/FP-A1-page.jpg"
        style={
          {
            "border": "1px solid #ccc",
            "cursor": "zoom-in",
          }
        }
        title="FP-A1-page"
        width="100%"
      />
    </div>
    <div
      style={
        {
          "bottom": 0,
          "left": 0,
          "pointerEvents": "none",
          "position": "absolute",
          "right": 0,
          "top": 0,
        }
      }
    >
      <div
        onClick={[Function]}
        style={
          {
            "alignItems": "flex-end",
            "bottom": 0,
            "color": "white",
            "cursor": "pointer",
            "display": "flex",
            "fontSize": 12,
            "justifyContent": "center",
            "left": 0,
            "marginBottom": 15,
            "pointerEvents": "auto",
            "position": "absolute",
            "textShadow": "#999 0px 0px 1px",
            "top": 0,
            "width": 30,
          }
        }
      >
        ◄
      </div>
      <div
        onClick={[Function]}
        style={
          {
            "alignItems": "flex-end",
            "bottom": 0,
            "color": "white",
            "cursor": "pointer",
            "display": "flex",
            "fontSize": 12,
            "justifyContent": "center",
            "marginBottom": 15,
            "pointerEvents": "auto",
            "position": "absolute",
            "right": 0,
            "textShadow": "#999 0px 0px 1px",
            "top": 0,
            "width": 30,
          }
        }
      >
        ►
      </div>
    </div>
  </div>
  <div
    style={
      {
        "fontSize": 12,
        "paddingLeft": 5,
      }
    }
  >
    Instructional level: 
    A
  </div>
</div>
`;

exports[`snapshots unrolled 1`] = `
<div>
  <div
    style={{}}
  >
    <h2>
      A
    </h2>
    <div
      className="MaterialsCarousel"
      style={
        {
          "position": "relative",
        }
      }
    >
      <div
        className="MaterialImage"
        onClick={[Function]}
      >
        <img
          src="/img/reading/FP-A1-page.jpg"
          style={
            {
              "border": "1px solid #ccc",
              "cursor": "zoom-in",
            }
          }
          title="FP-A1-page"
          width="100%"
        />
      </div>
    </div>
    <div
      className="MaterialsCarousel"
      style={
        {
          "position": "relative",
        }
      }
    >
      <div
        className="MaterialImage"
        onClick={[Function]}
      >
        <img
          src="/img/reading/FP-A2-page.jpg"
          style={
            {
              "border": "1px solid #ccc",
              "cursor": "zoom-in",
            }
          }
          title="FP-A2-page"
          width="100%"
        />
      </div>
    </div>
  </div>
  <div
    style={{}}
  >
    <h2>
      B
    </h2>
    <div
      className="MaterialsCarousel"
      style={
        {
          "position": "relative",
        }
      }
    >
      <div
        className="MaterialImage"
        onClick={[Function]}
      >
        <img
          src="/img/reading/FP-B1-page.jpg"
          style={
            {
              "border": "1px solid #ccc",
              "cursor": "zoom-in",
            }
          }
          title="FP-B1-page"
          width="100%"
        />
      </div>
    </div>
    <div
      className="MaterialsCarousel"
      style={
        {
          "position": "relative",
        }
      }
    >
      <div
        className="MaterialImage"
        onClick={[Function]}
      >
        <img
          src="/img/reading/FP-B2-page.jpg"
          style={
            {
              "border": "1px solid #ccc",
              "cursor": "zoom-in",
            }
          }
          title="FP-B2-page"
          width="100%"
        />
      </div>
    </div>
  </div>
  <div
    style={{}}
  >
    <h2>
      C
    </h2>
    <div
      className="MaterialsCarousel"
      style={
        {
          "position": "relative",
        }
      }
    >
      <div
        className="MaterialImage"
        onClick={[Function]}
      >
        <img
          src="/img/reading/FP-C1-page.jpg"
          style={
            {
              "border": "1px solid #ccc",
              "cursor": "zoom-in",
            }
          }
          title="FP-C1-page"
          width="100%"
        />
      </div>
    </div>
    <div
      className="MaterialsCarousel"
      style={
        {
          "position": "relative",
        }
      }
    >
      <div
        className="MaterialImage"
        onClick={[Function]}
      >
        <img
          src="/img/reading/FP-C2-page.jpg"
          style={
            {
              "border": "1px solid #ccc",
              "cursor": "zoom-in",
            }
          }
          title="FP-C2-page"
          width="100%"
        />
      </div>
    </div>
  </div>
  <div
    style={{}}
  >
    <h2>
      D
    </h2>
    <div
      className="MaterialsCarousel"
      style={
        {
          "position": "relative",
        }
      }
    >
      <div
        className="MaterialImage"
        onClick={[Function]}
      >
        <img
          src="/img/reading/FP-D1-page.jpg"
          style={
            {
              "border": "1px solid #ccc",
              "cursor": "zoom-in",
            }
          }
          title="FP-D1-page"
          width="100%"
        />
      </div>
    </div>
    <div
      className="MaterialsCarousel"
      style={
        {
          "position": "relative",
        }
      }
    >
      <div
        className="MaterialImage"
        onClick={[Function]}
      >
        <img
          src="/img/reading/FP-D2-page.jpg"
          style={
            {
              "border": "1px solid #ccc",
              "cursor": "zoom-in",
            }
          }
          title="FP-D2-page"
          width="100%"
        />
      </div>
    </div>
  </div>
  <div
    style={{}}
  >
    <h2>
      E
    </h2>
    <div
      className="MaterialsCarousel"
      style={
        {
          "position": "relative",
        }
      }
    >
      <div
        className="MaterialImage"
        onClick={[Function]}
      >
        <img
          src="/img/reading/FP-E1-page.jpg"
          style={
            {
              "border": "1px solid #ccc",
              "cursor": "zoom-in",
            }
          }
          title="FP-E1-page"
          width="100%"
        />
      </div>
    </div>
    <div
      className="MaterialsCarousel"
      style={
        {
          "position": "relative",
        }
      }
    >
      <div
        className="MaterialImage"
        onClick={[Function]}
      >
        <img
          src="/img/reading/FP-E2-page.jpg"
          style={
            {
              "border": "1px solid #ccc",
              "cursor": "zoom-in",
            }
          }
          title="FP-E2-page"
          width="100%"
        />
      </div>
    </div>
  </div>
  <div
    style={{}}
  >
    <h2>
      F
    </h2>
    <div
      className="MaterialsCarousel"
      style={
        {
          "position": "relative",
        }
      }
    >
      <div
        className="MaterialImage"
        onClick={[Function]}
      >
        <img
          src="/img/reading/FP-F1-page.jpg"
          style={
            {
              "border": "1px solid #ccc",
              "cursor": "zoom-in",
            }
          }
          title="FP-F1-page"
          width="100%"
        />
      </div>
    </div>
    <div
      className="MaterialsCarousel"
      style={
        {
          "position": "relative",
        }
      }
    >
      <div
        className="MaterialImage"
        onClick={[Function]}
      >
        <img
          src="/img/reading/FP-F2-page.jpg"
          style={
            {
              "border": "1px solid #ccc",
              "cursor": "zoom-in",
            }
          }
          title="FP-F2-page"
          width="100%"
        />
      </div>
    </div>
  </div>
  <div
    style={{}}
  >
    <h2>
      G
    </h2>
    <div
      className="MaterialsCarousel"
      style={
        {
          "position": "relative",
        }
      }
    >
      <div
        className="MaterialImage"
        onClick={[Function]}
      >
        <img
          src="/img/reading/FP-G1-page.jpg"
          style={
            {
              "border": "1px solid #ccc",
              "cursor": "zoom-in",
            }
          }
          title="FP-G1-page"
          width="100%"
        />
      </div>
    </div>
    <div
      className="MaterialsCarousel"
      style={
        {
          "position": "relative",
        }
      }
    >
      <div
        className="MaterialImage"
        onClick={[Function]}
      >
        <img
          src="/img/reading/FP-G2-page.jpg"
          style={
            {
              "border": "1px solid #ccc",
              "cursor": "zoom-in",
            }
          }
          title="FP-G2-page"
          width="100%"
        />
      </div>
    </div>
  </div>
  <div
    style={{}}
  >
    <h2>
      H
    </h2>
    <div
      className="MaterialsCarousel"
      style={
        {
          "position": "relative",
        }
      }
    >
      <div
        className="MaterialImage"
        onClick={[Function]}
      >
        <img
          src="/img/reading/FP-H1-page.jpg"
          style={
            {
              "border": "1px solid #ccc",
              "cursor": "zoom-in",
            }
          }
          title="FP-H1-page"
          width="100%"
        />
      </div>
    </div>
    <div
      className="MaterialsCarousel"
      style={
        {
          "position": "relative",
        }
      }
    >
      <div
        className="MaterialImage"
        onClick={[Function]}
      >
        <img
          src="/img/reading/FP-H2-page.jpg"
          style={
            {
              "border": "1px solid #ccc",
              "cursor": "zoom-in",
            }
          }
          title="FP-H2-page"
          width="100%"
        />
      </div>
    </div>
  </div>
  <div
    style={{}}
  >
    <h2>
      I
    </h2>
    <div
      className="MaterialsCarousel"
      style={
        {
          "position": "relative",
        }
      }
    >
      <div
        className="MaterialImage"
        onClick={[Function]}
      >
        <img
          src="/img/reading/FP-I1-page.jpg"
          style={
            {
              "border": "1px solid #ccc",
              "cursor": "zoom-in",
            }
          }
          title="FP-I1-page"
          width="100%"
        />
      </div>
    </div>
    <div
      className="MaterialsCarousel"
      style={
        {
          "position": "relative",
        }
      }
    >
      <div
        className="MaterialImage"
        onClick={[Function]}
      >
        <img
          src="/img/reading/FP-I2-page.jpg"
          style={
            {
              "border": "1px solid #ccc",
              "cursor": "zoom-in",
            }
          }
          title="FP-I2-page"
          width="100%"
        />
      </div>
    </div>
  </div>
  <div
    style={{}}
  >
    <h2>
      J
    </h2>
    <div
      className="MaterialsCarousel"
      style={
        {
          "position": "relative",
        }
      }
    >
      <div
        className="MaterialImage"
        onClick={[Function]}
      >
        <img
          src="/img/reading/FP-J1-page.jpg"
          style={
            {
              "border": "1px solid #ccc",
              "cursor": "zoom-in",
            }
          }
          title="FP-J1-page"
          width="100%"
        />
      </div>
    </div>
    <div
      className="MaterialsCarousel"
      style={
        {
          "position": "relative",
        }
      }
    >
      <div
        className="MaterialImage"
        onClick={[Function]}
      >
        <img
          src="/img/reading/FP-J2-page.jpg"
          style={
            {
              "border": "1px solid #ccc",
              "cursor": "zoom-in",
            }
          }
          title="FP-J2-page"
          width="100%"
        />
      </div>
    </div>
  </div>
  <div
    style={{}}
  >
    <h2>
      K
    </h2>
    <div
      className="MaterialsCarousel"
      style={
        {
          "position": "relative",
        }
      }
    >
      <div
        className="MaterialImage"
        onClick={[Function]}
      >
        <img
          src="/img/reading/FP-K1-page.jpg"
          style={
            {
              "border": "1px solid #ccc",
              "cursor": "zoom-in",
            }
          }
          title="FP-K1-page"
          width="100%"
        />
      </div>
    </div>
    <div
      className="MaterialsCarousel"
      style={
        {
          "position": "relative",
        }
      }
    >
      <div
        className="MaterialImage"
        onClick={[Function]}
      >
        <img
          src="/img/reading/FP-K2-page.jpg"
          style={
            {
              "border": "1px solid #ccc",
              "cursor": "zoom-in",
            }
          }
          title="FP-K2-page"
          width="100%"
        />
      </div>
    </div>
  </div>
  <div
    style={{}}
  >
    <h2>
      L
    </h2>
    <div
      className="MaterialsCarousel"
      style={
        {
          "position": "relative",
        }
      }
    >
      <div
        className="MaterialImage"
        onClick={[Function]}
      >
        <img
          src="/img/reading/FP-L1-page.jpg"
          style={
            {
              "border": "1px solid #ccc",
              "cursor": "zoom-in",
            }
          }
          title="FP-L1-page"
          width="100%"
        />
      </div>
    </div>
    <div
      className="MaterialsCarousel"
      style={
        {
          "position": "relative",
        }
      }
    >
      <div
        className="MaterialImage"
        onClick={[Function]}
      >
        <img
          src="/img/reading/FP-L2-page.jpg"
          style={
            {
              "border": "1px solid #ccc",
              "cursor": "zoom-in",
            }
          }
          title="FP-L2-page"
          width="100%"
        />
      </div>
    </div>
    <div
      className="MaterialsCarousel"
      style={
        {
          "position": "relative",
        }
      }
    >
      <div
        className="MaterialImage"
        onClick={[Function]}
      >
        <img
          src="/img/reading/FP-L3-page.jpg"
          style={
            {
              "border": "1px solid #ccc",
              "cursor": "zoom-in",
            }
          }
          title="FP-L3-page"
          width="100%"
        />
      </div>
    </div>
    <div
      className="MaterialsCarousel"
      style={
        {
          "position": "relative",
        }
      }
    >
      <div
        className="MaterialImage"
        onClick={[Function]}
      >
        <img
          src="/img/reading/FP-L4-page.jpg"
          style={
            {
              "border": "1px solid #ccc",
              "cursor": "zoom-in",
            }
          }
          title="FP-L4-page"
          width="100%"
        />
      </div>
    </div>
  </div>
  <div
    style={{}}
  >
    <h2>
      M
    </h2>
    <div
      className="MaterialsCarousel"
      style={
        {
          "position": "relative",
        }
      }
    >
      <div
        className="MaterialImage"
        onClick={[Function]}
      >
        <img
          src="/img/reading/FP-M1-page.jpg"
          style={
            {
              "border": "1px solid #ccc",
              "cursor": "zoom-in",
            }
          }
          title="FP-M1-page"
          width="100%"
        />
      </div>
    </div>
    <div
      className="MaterialsCarousel"
      style={
        {
          "position": "relative",
        }
      }
    >
      <div
        className="MaterialImage"
        onClick={[Function]}
      >
        <img
          src="/img/reading/FP-M2-page.jpg"
          style={
            {
              "border": "1px solid #ccc",
              "cursor": "zoom-in",
            }
          }
          title="FP-M2-page"
          width="100%"
        />
      </div>
    </div>
    <div
      className="MaterialsCarousel"
      style={
        {
          "position": "relative",
        }
      }
    >
      <div
        className="MaterialImage"
        onClick={[Function]}
      >
        <img
          src="/img/reading/FP-M3-page.jpg"
          style={
            {
              "border": "1px solid #ccc",
              "cursor": "zoom-in",
            }
          }
          title="FP-M3-page"
          width="100%"
        />
      </div>
    </div>
    <div
      className="MaterialsCarousel"
      style={
        {
          "position": "relative",
        }
      }
    >
      <div
        className="MaterialImage"
        onClick={[Function]}
      >
        <img
          src="/img/reading/FP-M4-page.jpg"
          style={
            {
              "border": "1px solid #ccc",
              "cursor": "zoom-in",
            }
          }
          title="FP-M4-page"
          width="100%"
        />
      </div>
    </div>
    <div
      className="MaterialsCarousel"
      style={
        {
          "position": "relative",
        }
      }
    >
      <div
        className="MaterialImage"
        onClick={[Function]}
      >
        <img
          src="/img/reading/FP-M5-page.jpg"
          style={
            {
              "border": "1px solid #ccc",
              "cursor": "zoom-in",
            }
          }
          title="FP-M5-page"
          width="100%"
        />
      </div>
    </div>
  </div>
  <div
    style={{}}
  >
    <h2>
      N
    </h2>
    <div
      className="MaterialsCarousel"
      style={
        {
          "position": "relative",
        }
      }
    >
      <div
        className="MaterialImage"
        onClick={[Function]}
      >
        <img
          src="/img/reading/FP-N1-page.jpg"
          style={
            {
              "border": "1px solid #ccc",
              "cursor": "zoom-in",
            }
          }
          title="FP-N1-page"
          width="100%"
        />
      </div>
    </div>
    <div
      className="MaterialsCarousel"
      style={
        {
          "position": "relative",
        }
      }
    >
      <div
        className="MaterialImage"
        onClick={[Function]}
      >
        <img
          src="/img/reading/FP-N2-page.jpg"
          style={
            {
              "border": "1px solid #ccc",
              "cursor": "zoom-in",
            }
          }
          title="FP-N2-page"
          width="100%"
        />
      </div>
    </div>
    <div
      className="MaterialsCarousel"
      style={
        {
          "position": "relative",
        }
      }
    >
      <div
        className="MaterialImage"
        onClick={[Function]}
      >
        <img
          src="/img/reading/FP-N3-page.jpg"
          style={
            {
              "border": "1px solid #ccc",
              "cursor": "zoom-in",
            }
          }
          title="FP-N3-page"
          width="100%"
        />
      </div>
    </div>
    <div
      className="MaterialsCarousel"
      style={
        {
          "position": "relative",
        }
      }
    >
      <div
        className="MaterialImage"
        onClick={[Function]}
      >
        <img
          src="/img/reading/FP-N4-page.jpg"
          style={
            {
              "border": "1px solid #ccc",
              "cursor": "zoom-in",
            }
          }
          title="FP-N4-page"
          width="100%"
        />
      </div>
    </div>
  </div>
  <div
    style={{}}
  >
    <h2>
      O
    </h2>
    <div
      className="MaterialsCarousel"
      style={
        {
          "position": "relative",
        }
      }
    >
      <div
        className="MaterialImage"
        onClick={[Function]}
      >
        <img
          src="/img/reading/FP-O1-page.jpg"
          style={
            {
              "border": "1px solid #ccc",
              "cursor": "zoom-in",
            }
          }
          title="FP-O1-page"
          width="100%"
        />
      </div>
    </div>
    <div
      className="MaterialsCarousel"
      style={
        {
          "position": "relative",
        }
      }
    >
      <div
        className="MaterialImage"
        onClick={[Function]}
      >
        <img
          src="/img/reading/FP-O2-page.jpg"
          style={
            {
              "border": "1px solid #ccc",
              "cursor": "zoom-in",
            }
          }
          title="FP-O2-page"
          width="100%"
        />
      </div>
    </div>
  </div>
  <div
    style={{}}
  >
    <h2>
      P
    </h2>
    <div
      className="MaterialsCarousel"
      style={
        {
          "position": "relative",
        }
      }
    >
      <div
        className="MaterialImage"
        onClick={[Function]}
      >
        <img
          src="/img/reading/FP-P1-page.jpg"
          style={
            {
              "border": "1px solid #ccc",
              "cursor": "zoom-in",
            }
          }
          title="FP-P1-page"
          width="100%"
        />
      </div>
    </div>
    <div
      className="MaterialsCarousel"
      style={
        {
          "position": "relative",
        }
      }
    >
      <div
        className="MaterialImage"
        onClick={[Function]}
      >
        <img
          src="/img/reading/FP-P2-page.jpg"
          style={
            {
              "border": "1px solid #ccc",
              "cursor": "zoom-in",
            }
          }
          title="FP-P2-page"
          width="100%"
        />
      </div>
    </div>
  </div>
  <div
    style={{}}
  >
    <h2>
      Q
    </h2>
    <div
      className="MaterialsCarousel"
      style={
        {
          "position": "relative",
        }
      }
    >
      <div
        className="MaterialImage"
        onClick={[Function]}
      >
        <img
          src="/img/reading/FP-Q1-page.jpg"
          style={
            {
              "border": "1px solid #ccc",
              "cursor": "zoom-in",
            }
          }
          title="FP-Q1-page"
          width="100%"
        />
      </div>
    </div>
    <div
      className="MaterialsCarousel"
      style={
        {
          "position": "relative",
        }
      }
    >
      <div
        className="MaterialImage"
        onClick={[Function]}
      >
        <img
          src="/img/reading/FP-Q2-page.jpg"
          style={
            {
              "border": "1px solid #ccc",
              "cursor": "zoom-in",
            }
          }
          title="FP-Q2-page"
          width="100%"
        />
      </div>
    </div>
  </div>
  <div
    style={{}}
  >
    <h2>
      R
    </h2>
    <div
      className="MaterialsCarousel"
      style={
        {
          "position": "relative",
        }
      }
    >
      <div
        className="MaterialImage"
        onClick={[Function]}
      >
        <img
          src="/img/reading/FP-R1-page.jpg"
          style={
            {
              "border": "1px solid #ccc",
              "cursor": "zoom-in",
            }
          }
          title="FP-R1-page"
          width="100%"
        />
      </div>
    </div>
    <div
      className="MaterialsCarousel"
      style={
        {
          "position": "relative",
        }
      }
    >
      <div
        className="MaterialImage"
        onClick={[Function]}
      >
        <img
          src="/img/reading/FP-R2-page.jpg"
          style={
            {
              "border": "1px solid #ccc",
              "cursor": "zoom-in",
            }
          }
          title="FP-R2-page"
          width="100%"
        />
      </div>
    </div>
  </div>
  <div
    style={{}}
  >
    <h2>
      S
    </h2>
    <div
      className="MaterialsCarousel"
      style={
        {
          "position": "relative",
        }
      }
    >
      <div
        className="MaterialImage"
        onClick={[Function]}
      >
        <img
          src="/img/reading/FP-S1-page.jpg"
          style={
            {
              "border": "1px solid #ccc",
              "cursor": "zoom-in",
            }
          }
          title="FP-S1-page"
          width="100%"
        />
      </div>
    </div>
    <div
      className="MaterialsCarousel"
      style={
        {
          "position": "relative",
        }
      }
    >
      <div
        className="MaterialImage"
        onClick={[Function]}
      >
        <img
          src="/img/reading/FP-S2-page.jpg"
          style={
            {
              "border": "1px solid #ccc",
              "cursor": "zoom-in",
            }
          }
          title="FP-S2-page"
          width="100%"
        />
      </div>
    </div>
  </div>
  <div
    style={{}}
  >
    <h2>
      T
    </h2>
    <div
      className="MaterialsCarousel"
      style={
        {
          "position": "relative",
        }
      }
    >
      <div
        className="MaterialImage"
        onClick={[Function]}
      >
        <img
          src="/img/reading/FP-T1-page.jpg"
          style={
            {
              "border": "1px solid #ccc",
              "cursor": "zoom-in",
            }
          }
          title="FP-T1-page"
          width="100%"
        />
      </div>
    </div>
    <div
      className="MaterialsCarousel"
      style={
        {
          "position": "relative",
        }
      }
    >
      <div
        className="MaterialImage"
        onClick={[Function]}
      >
        <img
          src="/img/reading/FP-T2-page.jpg"
          style={
            {
              "border": "1px solid #ccc",
              "cursor": "zoom-in",
            }
          }
          title="FP-T2-page"
          width="100%"
        />
      </div>
    </div>
  </div>
  <div
    style={{}}
  >
    <h2>
      U
    </h2>
    <div
      className="MaterialsCarousel"
      style={
        {
          "position": "relative",
        }
      }
    >
      <div
        className="MaterialImage"
        onClick={[Function]}
      >
        <img
          src="/img/reading/FP-U1-page.jpg"
          style={
            {
              "border": "1px solid #ccc",
              "cursor": "zoom-in",
            }
          }
          title="FP-U1-page"
          width="100%"
        />
      </div>
    </div>
    <div
      className="MaterialsCarousel"
      style={
        {
          "position": "relative",
        }
      }
    >
      <div
        className="MaterialImage"
        onClick={[Function]}
      >
        <img
          src="/img/reading/FP-U2-page.jpg"
          style={
            {
              "border": "1px solid #ccc",
              "cursor": "zoom-in",
            }
          }
          title="FP-U2-page"
          width="100%"
        />
      </div>
    </div>
  </div>
  <div
    style={{}}
  >
    <h2>
      V
    </h2>
    <div
      className="MaterialsCarousel"
      style={
        {
          "position": "relative",
        }
      }
    >
      <div
        className="MaterialImage"
        onClick={[Function]}
      >
        <img
          src="/img/reading/FP-V1-page.jpg"
          style={
            {
              "border": "1px solid #ccc",
              "cursor": "zoom-in",
            }
          }
          title="FP-V1-page"
          width="100%"
        />
      </div>
    </div>
    <div
      className="MaterialsCarousel"
      style={
        {
          "position": "relative",
        }
      }
    >
      <div
        className="MaterialImage"
        onClick={[Function]}
      >
        <img
          src="/img/reading/FP-V2-page.jpg"
          style={
            {
              "border": "1px solid #ccc",
              "cursor": "zoom-in",
            }
          }
          title="FP-V2-page"
          width="100%"
        />
      </div>
    </div>
  </div>
  <div
    style={{}}
  >
    <h2>
      W
    </h2>
    <div
      className="MaterialsCarousel"
      style={
        {
          "position": "relative",
        }
      }
    >
      <div
        className="MaterialImage"
        onClick={[Function]}
      >
        <img
          src="/img/reading/FP-W1-page.jpg"
          style={
            {
              "border": "1px solid #ccc",
              "cursor": "zoom-in",
            }
          }
          title="FP-W1-page"
          width="100%"
        />
      </div>
    </div>
    <div
      className="MaterialsCarousel"
      style={
        {
          "position": "relative",
        }
      }
    >
      <div
        className="MaterialImage"
        onClick={[Function]}
      >
        <img
          src="/img/reading/FP-W2-page.jpg"
          style={
            {
              "border": "1px solid #ccc",
              "cursor": "zoom-in",
            }
          }
          title="FP-W2-page"
          width="100%"
        />
      </div>
    </div>
  </div>
  <div
    style={{}}
  >
    <h2>
      X
    </h2>
    <div
      className="MaterialsCarousel"
      style={
        {
          "position": "relative",
        }
      }
    >
      <div
        className="MaterialImage"
        onClick={[Function]}
      >
        <img
          src="/img/reading/FP-X1-page.jpg"
          style={
            {
              "border": "1px solid #ccc",
              "cursor": "zoom-in",
            }
          }
          title="FP-X1-page"
          width="100%"
        />
      </div>
    </div>
    <div
      className="MaterialsCarousel"
      style={
        {
          "position": "relative",
        }
      }
    >
      <div
        className="MaterialImage"
        onClick={[Function]}
      >
        <img
          src="/img/reading/FP-X2-page.jpg"
          style={
            {
              "border": "1px solid #ccc",
              "cursor": "zoom-in",
            }
          }
          title="FP-X2-page"
          width="100%"
        />
      </div>
    </div>
  </div>
  <div
    style={{}}
  >
    <h2>
      Y
    </h2>
    <div
      className="MaterialsCarousel"
      style={
        {
          "position": "relative",
        }
      }
    >
      <div
        className="MaterialImage"
        onClick={[Function]}
      >
        <img
          src="/img/reading/FP-Y1-page.jpg"
          style={
            {
              "border": "1px solid #ccc",
              "cursor": "zoom-in",
            }
          }
          title="FP-Y1-page"
          width="100%"
        />
      </div>
    </div>
    <div
      className="MaterialsCarousel"
      style={
        {
          "position": "relative",
        }
      }
    >
      <div
        className="MaterialImage"
        onClick={[Function]}
      >
        <img
          src="/img/reading/FP-Y2-page.jpg"
          style={
            {
              "border": "1px solid #ccc",
              "cursor": "zoom-in",
            }
          }
          title="FP-Y2-page"
          width="100%"
        />
      </div>
    </div>
  </div>
  <div
    style={{}}
  >
    <h2>
      Z
    </h2>
    <div
      className="MaterialsCarousel"
      style={
        {
          "position": "relative",
        }
      }
    >
      <div
        className="MaterialImage"
        onClick={[Function]}
      >
        <img
          src="/img/reading/FP-Z1-page.jpg"
          style={
            {
              "border": "1px solid #ccc",
              "cursor": "zoom-in",
            }
          }
          title="FP-Z1-page"
          width="100%"
        />
      </div>
    </div>
    <div
      className="MaterialsCarousel"
      style={
        {
          "position": "relative",
        }
      }
    >
      <div
        className="MaterialImage"
        onClick={[Function]}
      >
        <img
          src="/img/reading/FP-Z2-page.jpg"
          style={
            {
              "border": "1px solid #ccc",
              "cursor": "zoom-in",
            }
          }
          title="FP-Z2-page"
          width="100%"
        />
      </div>
    </div>
  </div>
</div>
`;
