// Jest Snapshot v1, https://goo.gl/fbAQLP

exports[`snapshots 1`] = `
<div
  className="ExpandedLayout"
  style={
    {
      "padding": 10,
    }
  }
>
  <div
    style={
      {
        "alignItems": "center",
        "display": "flex",
        "flexDirection": "row",
        "justifyContent": "space-between",
        "paddingBottom": 10,
      }
    }
  >
    <div
      style={
        {
          "fontSize": 16,
          "fontWeight": "bold",
        }
      }
    >
      F&P English
    </div>
    <div
      onClick={[MockFunction]}
      style={
        {
          "color": "#999",
          "cursor": "pointer",
        }
      }
    >
      Close
    </div>
  </div>
  <div
    style={
      {
        "alignItems": "flex-start",
        "display": "flex",
        "flexDirection": "row",
        "justifyContent": "space-between",
      }
    }
  >
    <div
      style={
        {
          "flex": 5,
          "marginRight": 20,
        }
      }
    >
      <div>
        <div>
          <div
            className="MaterialsCarousel"
            style={
              {
                "position": "relative",
              }
            }
          >
            <div
              className="MaterialImage"
              onClick={[Function]}
            >
              <img
                src="/img/reading/FP-B1-page.jpg"
                style={
                  {
                    "border": "1px solid #ccc",
                    "cursor": "zoom-in",
                  }
                }
                title="FP-B1-page"
                width="100%"
              />
            </div>
            <div
              style={
                {
                  "bottom": 0,
                  "left": 0,
                  "pointerEvents": "none",
                  "position": "absolute",
                  "right": 0,
                  "top": 0,
                }
              }
            >
              <div
                onClick={[Function]}
                style={
                  {
                    "alignItems": "flex-end",
                    "bottom": 0,
                    "color": "white",
                    "cursor": "pointer",
                    "display": "flex",
                    "fontSize": 12,
                    "justifyContent": "center",
                    "left": 0,
                    "marginBottom": 15,
                    "pointerEvents": "auto",
                    "position": "absolute",
                    "textShadow": "#999 0px 0px 1px",
                    "top": 0,
                    "width": 30,
                  }
                }
              >
                ◄
              </div>
              <div
                onClick={[Function]}
                style={
                  {
                    "alignItems": "flex-end",
                    "bottom": 0,
                    "color": "white",
                    "cursor": "pointer",
                    "display": "flex",
                    "fontSize": 12,
                    "justifyContent": "center",
                    "marginBottom": 15,
                    "pointerEvents": "auto",
                    "position": "absolute",
                    "right": 0,
                    "textShadow": "#999 0px 0px 1px",
                    "top": 0,
                    "width": 30,
                  }
                }
              >
                ►
              </div>
            </div>
          </div>
          <div
            style={
              {
                "fontSize": 12,
                "paddingLeft": 5,
              }
            }
          >
            Instructional level: 
            B
          </div>
        </div>
      </div>
    </div>
    <div
      style={
        {
          "flex": 3,
          "marginRight": 20,
          "overflow": "hidden",
        }
      }
    >
      <div
        style={
          {
            "color": "#333",
            "marginBottom": 10,
          }
        }
      >
        Instructional strategies
      </div>
      <div>
        <div
          className="Strategies"
        >
          <div />
          <div
            style={
              {
                "color": "#999",
                "fontSize": 12,
                "margin": 10,
              }
            }
          >
            Add suggestion
          </div>
        </div>
      </div>
    </div>
    <div
      style={
        {
          "flex": 5,
          "marginRight": 20,
        }
      }
    >
      <div
        style={
          {
            "color": "#333",
            "marginBottom": 10,
          }
        }
      >
        Somerville benchmarks for 
        Max
      </div>
      <div>
        <div
          className="Data"
        >
          <div
            style={
              {
                "marginBottom": 40,
              }
            }
          >
            <div
              className="BoxChartContainer"
              style={
                {
                  "display": "flex",
                  "flexDirection": "row",
                  "fontSize": 12,
                }
              }
            >
              <div
                className="YearBoxContainer"
                style={
                  {
                    "flex": 1,
                  }
                }
              >
                <div
                  style={
                    {
                      "display": "flex",
                      "flexDirection": "row",
                    }
                  }
                >
                  <div
                    style={
                      {
                        "alignItems": "center",
                        "background": "#f8f8f8",
                        "color": "#95959580",
                        "cursor": "default",
                        "display": "flex",
                        "flex": 1,
                        "height": 40,
                        "justifyContent": "center",
                        "outline": "1px solid #c5c5c5",
                        "zIndex": 0,
                      }
                    }
                    title={null}
                  >
                    fall
                  </div>
                  <div
                    style={
                      {
                        "alignItems": "center",
                        "background": "#f8f8f8",
                        "color": "#95959580",
                        "cursor": "default",
                        "display": "flex",
                        "flex": 1,
                        "height": 40,
                        "justifyContent": "center",
                        "outline": "1px solid #c5c5c5",
                        "zIndex": 0,
                      }
                    }
                    title={null}
                  >
                    winter
                  </div>
                  <div
                    style={
                      {
                        "alignItems": "center",
                        "background": "#f8f8f8",
                        "color": "#95959580",
                        "cursor": "default",
                        "display": "flex",
                        "flex": 1,
                        "height": 40,
                        "justifyContent": "center",
                        "outline": "1px solid #c5c5c5",
                        "zIndex": 0,
                      }
                    }
                    title={null}
                  >
                    spring
                  </div>
                </div>
                <div
                  style={
                    {
                      "marginTop": 5,
                    }
                  }
                >
                  Pre-K (PK), 2016
                </div>
              </div>
              <div
                className="YearBoxContainer"
                style={
                  {
                    "flex": 1,
                    "paddingLeft": 20,
                  }
                }
              >
                <div
                  style={
                    {
                      "display": "flex",
                      "flexDirection": "row",
                    }
                  }
                >
                  <div
                    style={
                      {
                        "alignItems": "center",
                        "background": "#ccc",
                        "color": "#6d6d6d",
                        "cursor": "default",
                        "display": "flex",
                        "flex": 1,
                        "height": 40,
                        "justifyContent": "center",
                        "outline": "1px solid #9b9b9b",
                        "zIndex": 1,
                      }
                    }
                    title="NR"
                  >
                    fall
                  </div>
                  <div
                    style={
                      {
                        "alignItems": "center",
                        "background": "#ccc",
                        "color": "#6d6d6d",
                        "cursor": "default",
                        "display": "flex",
                        "flex": 1,
                        "height": 40,
                        "justifyContent": "center",
                        "outline": "1px solid #9b9b9b",
                        "zIndex": 1,
                      }
                    }
                    title="B"
                  >
                    winter
                  </div>
                  <div
                    style={
                      {
                        "alignItems": "center",
                        "background": "#f8f8f8",
                        "color": "#95959580",
                        "cursor": "default",
                        "display": "flex",
                        "flex": 1,
                        "height": 40,
                        "justifyContent": "center",
                        "outline": "1px solid #c5c5c5",
                        "zIndex": 0,
                      }
                    }
                    title={null}
                  >
                    spring
                  </div>
                </div>
                <div
                  style={
                    {
                      "marginTop": 5,
                    }
                  }
                >
                  Kindergarten, 2017
                </div>
              </div>
            </div>
          </div>
          <div>
            <div
              className="Expandable"
            >
              <a
                href="#"
                onClick={[Function]}
                style={
                  {
                    "padding": 0,
                    "paddingRight": 10,
                  }
                }
              >
                Percentile in Kindergarten school cohort
              </a>
            </div>
            <div
              className="Expandable"
            >
              <a
                href="#"
                onClick={[Function]}
                style={
                  {
                    "padding": 0,
                    "paddingRight": 10,
                  }
                }
              >
                Raw scores
              </a>
            </div>
          </div>
        </div>
      </div>
    </div>
  </div>
</div>
`;
