// Jest Snapshot v1, https://goo.gl/fbAQLP

exports[`snapshots 1`] = `
<div
  className="ExpandedLayout"
  style={
    {
      "padding": 10,
    }
  }
>
  <div
    style={
      {
        "alignItems": "center",
        "display": "flex",
        "flexDirection": "row",
        "justifyContent": "space-between",
        "paddingBottom": 10,
      }
    }
  >
    <div
      style={
        {
          "fontSize": 16,
          "fontWeight": "bold",
        }
      }
    >
      First sound fluency
    </div>
    <div
      onClick={[MockFunction]}
      style={
        {
          "color": "#999",
          "cursor": "pointer",
        }
      }
    >
      Close
    </div>
  </div>
  <div
    style={
      {
        "alignItems": "flex-start",
        "display": "flex",
        "flexDirection": "row",
        "justifyContent": "space-between",
      }
    }
  >
    <div
      style={
        {
          "flex": 5,
          "marginRight": 20,
        }
      }
    >
      <div>
        <div
          className="MaterialsCarousel"
          style={
            {
              "position": "relative",
            }
          }
        >
          <div
            className="MaterialImage"
            onClick={[Function]}
          >
            <img
              src="/img/reading/FirstSoundFluency-KF-winter.jpg"
              style={
                {
                  "border": "1px solid #ccc",
                  "cursor": "zoom-in",
                }
              }
              title="FirstSoundFluency-KF-winter"
              width="100%"
            />
          </div>
        </div>
      </div>
    </div>
    <div
      style={
        {
          "flex": 3,
          "marginRight": 20,
          "overflow": "hidden",
        }
      }
    >
      <div
        style={
          {
            "color": "#333",
            "marginBottom": 10,
          }
        }
      >
        Instructional strategies
      </div>
      <div>
        <div
          className="Strategies"
        >
          <div>
            <a
              href="https://www.dropbox.com/sh/md15rd36xq81wwi/AAD-I9Eto1rG5wdgwN3bxOEwa/ELA%202019-2020/Kindergarten/PA%20Intervention"
              rel="noopener noreferrer"
              style={
                {
                  "alignItems": "flex-start",
                  "background": "#eee",
                  "border": "1px solid #ccc",
                  "display": "flex",
                  "flexDirection": "column",
                  "height": "4em",
                  "justifyContent": "center",
                  "overflow": "hidden",
                  "padding": 10,
                }
              }
              target="_blank"
              title="5 minute lessons for phonological awareness"
            >
              <div
                style={
                  {
                    "fontWeight": "bold",
                    "whiteSpace": "nowrap",
                  }
                }
              >
                SPS Heggerty
              </div>
              <div>
                by 
                ggeorge
              </div>
            </a>
            <a
              href="https://www.dropbox.com/sh/md15rd36xq81wwi/AAD40J3eTcxj5khUtz5mpRKva/ELA%202019-2020/Kindergarten/PA%20Workbooks"
              rel="noopener noreferrer"
              style={
                {
                  "alignItems": "flex-start",
                  "background": "#eee",
                  "border": "1px solid #ccc",
                  "display": "flex",
                  "flexDirection": "column",
                  "height": "4em",
                  "justifyContent": "center",
                  "overflow": "hidden",
                  "padding": 10,
                }
              }
              target="_blank"
              title="Notebook for repeating Kindergarten PA unit, 12 weeks"
            >
              <div
                style={
                  {
                    "fontWeight": "bold",
                    "whiteSpace": "nowrap",
                  }
                }
              >
                SPS notebook for double dose
              </div>
              <div>
                by 
                jbuckwalter
              </div>
            </a>
          </div>
          <div
            style={
              {
                "color": "#999",
                "fontSize": 12,
                "margin": 10,
              }
            }
          >
            Add suggestion
          </div>
        </div>
      </div>
    </div>
    <div
      style={
        {
          "flex": 5,
          "marginRight": 20,
        }
      }
    >
      <div
        style={
          {
            "color": "#333",
            "marginBottom": 10,
          }
        }
      >
        Somerville benchmarks for 
        Max
      </div>
      <div>
        <div
          className="Data"
        >
          <div
            style={
              {
                "marginBottom": 40,
              }
            }
          >
            <div
              className="BoxChartContainer"
              style={
                {
                  "display": "flex",
                  "flexDirection": "row",
                  "fontSize": 12,
                }
              }
            >
              <div
                className="YearBoxContainer"
                style={
                  {
                    "flex": 1,
                  }
                }
              >
                <div
                  style={
                    {
                      "display": "flex",
                      "flexDirection": "row",
                    }
                  }
                >
                  <div
                    style={
                      {
                        "alignItems": "center",
                        "background": "#f8f8f8",
                        "color": "#95959580",
                        "cursor": "default",
                        "display": "flex",
                        "flex": 1,
                        "height": 40,
                        "justifyContent": "center",
                        "outline": "1px solid #c5c5c5",
                        "zIndex": 0,
                      }
                    }
                    title={null}
                  >
                    fall
                  </div>
                  <div
                    style={
                      {
                        "alignItems": "center",
                        "background": "#f8f8f8",
                        "color": "#95959580",
                        "cursor": "default",
                        "display": "flex",
                        "flex": 1,
                        "height": 40,
                        "justifyContent": "center",
                        "outline": "1px solid #c5c5c5",
                        "zIndex": 0,
                      }
                    }
                    title={null}
                  >
                    winter
                  </div>
                  <div
                    style={
                      {
                        "alignItems": "center",
                        "background": "#f8f8f8",
                        "color": "#95959580",
                        "cursor": "default",
                        "display": "flex",
                        "flex": 1,
                        "height": 40,
                        "justifyContent": "center",
                        "outline": "1px solid #c5c5c5",
                        "zIndex": 0,
                      }
                    }
                    title={null}
                  >
                    spring
                  </div>
                </div>
                <div
                  style={
                    {
                      "marginTop": 5,
                    }
                  }
                >
                  Pre-K (PK), 2016
                </div>
              </div>
              <div
                className="YearBoxContainer"
                style={
                  {
                    "flex": 1,
                    "paddingLeft": 20,
                  }
                }
              >
                <div
                  style={
                    {
                      "display": "flex",
                      "flexDirection": "row",
                    }
                  }
                >
                  <div
                    style={
                      {
                        "alignItems": "center",
                        "background": "orange",
                        "color": "#904a00",
                        "cursor": "default",
                        "display": "flex",
                        "flex": 1,
                        "height": 40,
                        "justifyContent": "center",
                        "outline": "1px solid #c67600",
                        "zIndex": 1,
                      }
                    }
                    title="12"
                  >
                    fall
                  </div>
                  <div
                    style={
                      {
                        "alignItems": "center",
                        "background": "orange",
                        "color": "#904a00",
                        "cursor": "default",
                        "display": "flex",
                        "flex": 1,
                        "height": 40,
                        "justifyContent": "center",
                        "outline": "1px solid #c67600",
                        "zIndex": 1,
                      }
                    }
                    title="36"
                  >
                    winter
                  </div>
                  <div
                    style={
                      {
                        "alignItems": "center",
                        "background": "#f8f8f8",
                        "color": "#95959580",
                        "cursor": "default",
                        "display": "flex",
                        "flex": 1,
                        "height": 40,
                        "justifyContent": "center",
                        "outline": "1px solid #c5c5c5",
                        "zIndex": 0,
                      }
                    }
                    title={null}
                  >
                    spring
                  </div>
                </div>
                <div
                  style={
                    {
                      "marginTop": 5,
                    }
                  }
                >
                  Kindergarten, 2017
                </div>
              </div>
            </div>
          </div>
          <div>
            <div
              className="Expandable"
            >
              <a
                href="#"
                onClick={[Function]}
                style={
                  {
                    "padding": 0,
                    "paddingRight": 10,
                  }
                }
              >
                Percentile in Kindergarten school cohort
              </a>
            </div>
            <div
              className="Expandable"
            >
              <a
                href="#"
                onClick={[Function]}
                style={
                  {
                    "padding": 0,
                    "paddingRight": 10,
                  }
                }
              >
                Raw scores
              </a>
            </div>
          </div>
        </div>
      </div>
    </div>
  </div>
</div>
`;
