// Jest Snapshot v1, https://goo.gl/fbAQLP

exports[`snapshots 1`] = `
<div
  className="ExpandedLayout"
  style={
    {
      "padding": 10,
    }
  }
>
  <div
    style={
      {
        "alignItems": "center",
        "display": "flex",
        "flexDirection": "row",
        "justifyContent": "space-between",
        "paddingBottom": 10,
      }
    }
  >
    <div
      style={
        {
          "fontSize": 16,
          "fontWeight": "bold",
        }
      }
    >
      STAR Reading
    </div>
    <div
      onClick={[MockFunction]}
      style={
        {
          "color": "#999",
          "cursor": "pointer",
        }
      }
    >
      Close
    </div>
  </div>
  <div
    style={
      {
        "alignItems": "flex-start",
        "display": "flex",
        "flexDirection": "row",
        "justifyContent": "space-between",
      }
    }
  >
    <div
      style={
        {
          "flex": 5,
          "marginRight": 20,
        }
      }
    >
      <div>
        <div>
          None
        </div>
      </div>
    </div>
    <div
      style={
        {
          "flex": 3,
          "marginRight": 20,
          "overflow": "hidden",
        }
      }
    >
      <div
        style={
          {
            "color": "#333",
            "marginBottom": 10,
          }
        }
      >
        Instructional strategies
      </div>
      <div>
        <div
          className="Strategies"
        >
          <div />
          <div
            style={
              {
                "color": "#999",
                "fontSize": 12,
                "margin": 10,
              }
            }
          >
            Add suggestion
          </div>
        </div>
      </div>
    </div>
    <div
      style={
        {
          "flex": 5,
          "marginRight": 20,
        }
      }
    >
      <div
        style={
          {
            "color": "#333",
            "marginBottom": 10,
          }
        }
      >
        Somerville benchmarks for 
        Amir
      </div>
      <div>
        <div
          className="Data"
        >
          <div
            style={
              {
                "marginBottom": 40,
              }
            }
          >
            <div
              className="BoxChartContainer"
              style={
                {
                  "display": "flex",
                  "flexDirection": "row",
                  "fontSize": 12,
                }
              }
            >
              <div
                className="YearBoxContainer"
                style={
                  {
                    "flex": 1,
                  }
                }
              >
                <div
                  style={
                    {
                      "display": "flex",
                      "flexDirection": "row",
                    }
                  }
                >
                  <div
                    style={
                      {
                        "alignItems": "center",
                        "background": "#f8f8f8",
                        "color": "#95959580",
                        "cursor": "default",
                        "display": "flex",
                        "flex": 1,
                        "height": 40,
                        "justifyContent": "center",
                        "outline": "1px solid #c5c5c5",
                        "zIndex": 0,
                      }
                    }
                    title="none"
                  >
                    none
                  </div>
                  <div
                    style={
                      {
                        "alignItems": "center",
                        "background": "#f8f8f8",
                        "color": "#95959580",
                        "cursor": "default",
                        "display": "flex",
                        "flex": 1,
                        "height": 40,
                        "justifyContent": "center",
                        "outline": "1px solid #c5c5c5",
                        "zIndex": 0,
                      }
                    }
                    title="none"
                  >
                    none
                  </div>
                  <div
                    style={
                      {
                        "alignItems": "center",
                        "background": "orange",
                        "color": "#904a00",
                        "cursor": "default",
                        "display": "flex",
                        "flex": 1,
                        "height": 40,
                        "justifyContent": "center",
                        "outline": "1px solid #c67600",
                        "zIndex": 1,
                      }
                    }
                    title="29th"
                  >
                    29th
                  </div>
                </div>
                <div
                  style={
                    {
                      "marginTop": 5,
                    }
                  }
                >
                  2nd grade, 2016
                </div>
              </div>
              <div
                className="YearBoxContainer"
                style={
                  {
                    "flex": 1,
                    "paddingLeft": 20,
                  }
                }
              >
                <div
                  style={
                    {
                      "display": "flex",
                      "flexDirection": "row",
                    }
                  }
                >
                  <div
                    style={
                      {
                        "alignItems": "center",
                        "background": "rgb(147, 196, 125)",
                        "color": "#366525",
                        "cursor": "default",
                        "display": "flex",
                        "flex": 1,
                        "height": 40,
                        "justifyContent": "center",
                        "outline": "1px solid #649350",
                        "zIndex": 1,
                      }
                    }
                    title="40th"
                  >
                    40th
                  </div>
                  <div
                    style={
                      {
                        "alignItems": "center",
                        "background": "#f8f8f8",
                        "color": "#95959580",
                        "cursor": "default",
                        "display": "flex",
                        "flex": 1,
                        "height": 40,
                        "justifyContent": "center",
                        "outline": "1px solid #c5c5c5",
                        "zIndex": 0,
                      }
                    }
                    title="none"
                  >
                    none
                  </div>
                  <div
                    style={
                      {
                        "alignItems": "center",
                        "background": "#f8f8f8",
                        "color": "#95959580",
                        "cursor": "default",
                        "display": "flex",
                        "flex": 1,
                        "height": 40,
                        "justifyContent": "center",
                        "outline": "1px solid #c5c5c5",
                        "zIndex": 0,
                      }
                    }
                    title="none"
                  >
                    none
                  </div>
                </div>
                <div
                  style={
                    {
                      "marginTop": 5,
                    }
                  }
                >
                  3rd grade, 2017
                </div>
              </div>
            </div>
          </div>
          <div>
            <div
              className="Expandable"
            >
              <a
                href="#"
                onClick={[Function]}
                style={
                  {
                    "padding": 0,
                    "paddingRight": 10,
                  }
                }
              >
                Chart for all scores
              </a>
            </div>
          </div>
        </div>
      </div>
    </div>
  </div>
</div>
`;
