// Jest Snapshot v1, https://goo.gl/fbAQLP

exports[`matches all snapshots 1`] = `
<div>
  <div
    className="Card FeedCardFrame"
    style={
      {
        "border": "1px solid #ccc",
        "borderRadius": 3,
        "padding": 10,
      }
    }
  >
    <div
      className="FeedCardFrame-FrameHeader"
      style={
        {
          "alignItems": "flex-start",
          "display": "flex",
          "flexDirection": "row",
          "justifyContent": "space-between",
        }
      }
    >
      <div
        style={
          {
            "display": "flex",
          }
        }
      >
        <div
          style={
            {
              "alignItems": "flex-start",
              "display": "flex",
              "flexDirection": "column",
              "justifyContent": "flex-start",
            }
          }
        >
          <div>
            <a
              href="/students/55"
              style={
                {
                  "fontWeight": "bold",
                }
              }
            >
              Mari
               
              Skywalker
            </a>
          </div>
          <div>
            9th grade
          </div>
          <div />
        </div>
      </div>
      <div
        style={
          {
            "alignItems": "flex-end",
            "display": "flex",
            "flexDirection": "column",
            "textAlign": "right",
          }
        }
      >
        <div>
          <div>
            by
          </div>
        </div>
        <div>
          <div>
            where
          </div>
        </div>
        <div>
          <div>
            when
          </div>
        </div>
      </div>
    </div>
    <div
      style={
        {
          "marginBottom": 20,
          "marginTop": 20,
        }
      }
    >
      kids
    </div>
    <div
      className="FeedCardFrame-footer"
      style={
        {
          "display": "flex",
          "justifyContent": "space-between",
          "marginBottom": 5,
        }
      }
    >
      <div />
      <div>
        badges
      </div>
    </div>
  </div>
  <div
    className="Card FeedCardFrame"
    style={
      {
        "border": "1px solid #ccc",
        "borderRadius": 3,
        "padding": 10,
      }
    }
  >
    <div
      className="FeedCardFrame-FrameHeader"
      style={
        {
          "alignItems": "flex-start",
          "display": "flex",
          "flexDirection": "row",
          "justifyContent": "space-between",
        }
      }
    >
      <div
        style={
          {
            "display": "flex",
          }
        }
      >
        <div
          style={
            {
              "alignItems": "flex-start",
              "display": "flex",
              "flexDirection": "column",
              "justifyContent": "flex-start",
            }
          }
        >
          <div>
            <a
              href="/students/32"
              style={
                {
                  "fontWeight": "bold",
                }
              }
            >
              Pluto
               
              Skywalker
            </a>
          </div>
          <div>
            3rd grade
          </div>
          <div>
            <span
              className="Homeroom"
              style={{}}
            >
              <a
                href="/homerooms/32"
              >
                HEA-011
              </a>
              <span>
                <span>
                   
                </span>
                 with 
                <a
                  className="Educator"
                  href="mailto:alex@demo.studentinsights.org"
                  style={{}}
                >
                  Alex Teacher
                </a>
              </span>
            </span>
          </div>
        </div>
      </div>
      <div
        style={
          {
            "alignItems": "flex-end",
            "display": "flex",
            "flexDirection": "column",
            "textAlign": "right",
          }
        }
      >
        <div>
          <div>
            by
          </div>
        </div>
        <div>
          <div>
            where
          </div>
        </div>
        <div>
          <div>
            when
          </div>
        </div>
      </div>
    </div>
    <div
      style={
        {
          "marginBottom": 20,
          "marginTop": 20,
        }
      }
    >
      kids
    </div>
    <div
      className="FeedCardFrame-footer"
      style={
        {
          "display": "flex",
          "justifyContent": "space-between",
          "marginBottom": 5,
        }
      }
    >
      <div />
      <div>
        badges
      </div>
    </div>
  </div>
  <div
    className="Card FeedCardFrame"
    style={
      {
        "border": "1px solid #ccc",
        "borderRadius": 3,
        "padding": 10,
      }
    }
  >
    <div
      className="FeedCardFrame-FrameHeader"
      style={
        {
          "alignItems": "flex-start",
          "display": "flex",
          "flexDirection": "row",
          "justifyContent": "space-between",
        }
      }
    >
      <div
        style={
          {
            "display": "flex",
          }
        }
      >
        <div
          style={
            {
              "alignItems": "flex-start",
              "display": "flex",
              "flexDirection": "column",
              "justifyContent": "flex-start",
            }
          }
        >
          <div>
            <a
              href="/students/66"
              style={
                {
                  "fontWeight": "bold",
                }
              }
            >
              Obi
               
              Ren
            </a>
          </div>
          <div>
            9th grade
          </div>
          <div>
            <span
              className="Homeroom"
              style={{}}
            >
              <a
                href="/homerooms/15"
              >
                FC-004
              </a>
              <span>
                <span>
                   
                </span>
                 with 
                <a
                  className="Educator"
                  href="mailto:dt@demo.studentinsights.org"
                  style={{}}
                >
                  Darth Teacher
                </a>
              </span>
            </span>
          </div>
        </div>
      </div>
      <div
        style={
          {
            "alignItems": "flex-end",
            "display": "flex",
            "flexDirection": "column",
            "textAlign": "right",
          }
        }
      >
        <div>
          <div>
            by
          </div>
        </div>
        <div>
          <div>
            where
          </div>
        </div>
        <div>
          <div>
            when
          </div>
        </div>
      </div>
    </div>
    <div
      style={
        {
          "marginBottom": 20,
          "marginTop": 20,
        }
      }
    >
      kids
    </div>
    <div
      className="FeedCardFrame-footer"
      style={
        {
          "display": "flex",
          "justifyContent": "space-between",
          "marginBottom": 5,
        }
      }
    >
      <div />
      <div>
        badges
      </div>
    </div>
  </div>
</div>
`;
