// Jest Snapshot v1, https://goo.gl/fbAQLP

exports[`matches snapshot 1`] = `
<div
  className="IncidentCard"
>
  <div
    className="Card FeedCardFrame"
    style={
      {
        "border": "1px solid #ccc",
        "borderRadius": 3,
        "padding": 10,
      }
    }
  >
    <div
      className="FeedCardFrame-FrameHeader"
      style={
        {
          "alignItems": "flex-start",
          "display": "flex",
          "flexDirection": "row",
          "justifyContent": "space-between",
        }
      }
    >
      <div
        style={
          {
            "display": "flex",
          }
        }
      >
        <div
          className="StudentPhotoCropped"
          style={
            {
              "backgroundColor": "#ddd",
              "backgroundImage": "url(/students/100/photo)",
              "backgroundPosition": "center top",
              "backgroundPositionY": -10,
              "backgroundRepeat": "no-repeat",
              "backgroundSize": "150%",
              "border": "1px solid #ddd",
              "borderRadius": 3,
              "height": 58,
              "marginRight": 10,
              "overflow": "hidden",
              "width": 58,
            }
          }
        />
        <div
          style={
            {
              "alignItems": "flex-start",
              "display": "flex",
              "flexDirection": "column",
              "justifyContent": "flex-start",
            }
          }
        >
          <div>
            <a
              href="/students/100"
              style={
                {
                  "fontWeight": "bold",
                }
              }
            >
              Mowgli
               
              Pan
            </a>
          </div>
          <div>
            10th grade
          </div>
          <div />
        </div>
      </div>
      <div
        style={
          {
            "alignItems": "flex-end",
            "display": "flex",
            "flexDirection": "column",
            "textAlign": "right",
          }
        }
      >
        <div />
        <div>
          <div>
            in 
            Locker room/gym
          </div>
        </div>
        <div>
          <div
            className="Timestamp"
            style={{}}
          >
            13 days ago
             on 
            2/28
            , 5:00am
          </div>
        </div>
      </div>
    </div>
    <div
      style={
        {
          "marginBottom": 20,
          "marginTop": 20,
        }
      }
    >
      <div>
        Earlier today something happened with the student that was concerning and we did this to de-escalate and support them in the moment, and then took these steps to understand the underlying challenges they're facing, and adapt how we're working with them moving forward.
         (code: 
        OT
        )
      </div>
    </div>
    <div
      className="FeedCardFrame-footer"
      style={
        {
          "display": "flex",
          "justifyContent": "space-between",
          "marginBottom": 5,
        }
      }
    >
      <div />
      <div>
        <span
          className="HouseBadge"
          style={
            {
              "backgroundColor": "#333",
              "color": "white",
              "marginLeft": 5,
              "opacity": 0.5,
              "padding": 5,
            }
          }
        >
          Beacon house
        </span>
        <span
          className="Badge"
          style={
            {
              "backgroundColor": "rgb(49, 171, 57)",
              "color": "white",
              "marginLeft": 5,
              "opacity": 0.5,
              "padding": 5,
            }
          }
        >
          Incident
        </span>
      </div>
    </div>
  </div>
</div>
`;

exports[`matches when no location 1`] = `
<div
  className="IncidentCard"
>
  <div
    className="Card FeedCardFrame"
    style={
      {
        "border": "1px solid #ccc",
        "borderRadius": 3,
        "padding": 10,
      }
    }
  >
    <div
      className="FeedCardFrame-FrameHeader"
      style={
        {
          "alignItems": "flex-start",
          "display": "flex",
          "flexDirection": "row",
          "justifyContent": "space-between",
        }
      }
    >
      <div
        style={
          {
            "display": "flex",
          }
        }
      >
        <div
          className="StudentPhotoCropped"
          style={
            {
              "backgroundColor": "#ddd",
              "backgroundImage": "url(/students/100/photo)",
              "backgroundPosition": "center top",
              "backgroundPositionY": -10,
              "backgroundRepeat": "no-repeat",
              "backgroundSize": "150%",
              "border": "1px solid #ddd",
              "borderRadius": 3,
              "height": 58,
              "marginRight": 10,
              "overflow": "hidden",
              "width": 58,
            }
          }
        />
        <div
          style={
            {
              "alignItems": "flex-start",
              "display": "flex",
              "flexDirection": "column",
              "justifyContent": "flex-start",
            }
          }
        >
          <div>
            <a
              href="/students/100"
              style={
                {
                  "fontWeight": "bold",
                }
              }
            >
              Mowgli
               
              Pan
            </a>
          </div>
          <div>
            10th grade
          </div>
          <div />
        </div>
      </div>
      <div
        style={
          {
            "alignItems": "flex-end",
            "display": "flex",
            "flexDirection": "column",
            "textAlign": "right",
          }
        }
      >
        <div />
        <div />
        <div>
          <div
            className="Timestamp"
            style={{}}
          >
            13 days ago
             on 
            2/28
            , 5:00am
          </div>
        </div>
      </div>
    </div>
    <div
      style={
        {
          "marginBottom": 20,
          "marginTop": 20,
        }
      }
    >
      <div>
        Earlier today something happened with the student that was concerning and we did this to de-escalate and support them in the moment, and then took these steps to understand the underlying challenges they're facing, and adapt how we're working with them moving forward.
         (code: 
        OT
        )
      </div>
    </div>
    <div
      className="FeedCardFrame-footer"
      style={
        {
          "display": "flex",
          "justifyContent": "space-between",
          "marginBottom": 5,
        }
      }
    >
      <div />
      <div>
        <span
          className="HouseBadge"
          style={
            {
              "backgroundColor": "#333",
              "color": "white",
              "marginLeft": 5,
              "opacity": 0.5,
              "padding": 5,
            }
          }
        >
          Beacon house
        </span>
        <span
          className="Badge"
          style={
            {
              "backgroundColor": "rgb(49, 171, 57)",
              "color": "white",
              "marginLeft": 5,
              "opacity": 0.5,
              "padding": 5,
            }
          }
        >
          Incident
        </span>
      </div>
    </div>
  </div>
</div>
`;
